###############################################################################
#
# IAR ELF Linker V7.60.1.11101/W32 for ARM                29/Aug/2016  11:14:31
# Copyright 2007-2016 IAR Systems AB.
#
#    Output file  =  
#        C:\Home Project\Radiomonitoring\RadiomonitorMaster\STM32F103C8 (ROM
#        64kB, RAM 20kB)\Exe\c.out
#    Map file     =  
#        C:\Home Project\Radiomonitoring\RadiomonitorMaster\STM32F103C8 (ROM
#        64kB, RAM 20kB)\List\c.map
#    Command line =  
#        "C:\Home Project\Radiomonitoring\RadiomonitorMaster\STM32F103C8 (ROM
#        64kB, RAM 20kB)\Obj\calendar.o" "C:\Home
#        Project\Radiomonitoring\RadiomonitorMaster\STM32F103C8 (ROM 64kB, RAM
#        20kB)\Obj\cmsis_os.o" "C:\Home
#        Project\Radiomonitoring\RadiomonitorMaster\STM32F103C8 (ROM 64kB, RAM
#        20kB)\Obj\croutine.o" "C:\Home
#        Project\Radiomonitoring\RadiomonitorMaster\STM32F103C8 (ROM 64kB, RAM
#        20kB)\Obj\debug.o" "C:\Home
#        Project\Radiomonitoring\RadiomonitorMaster\STM32F103C8 (ROM 64kB, RAM
#        20kB)\Obj\event_groups.o" "C:\Home
#        Project\Radiomonitoring\RadiomonitorMaster\STM32F103C8 (ROM 64kB, RAM
#        20kB)\Obj\heap_1.o" "C:\Home
#        Project\Radiomonitoring\RadiomonitorMaster\STM32F103C8 (ROM 64kB, RAM
#        20kB)\Obj\hw_config.o" "C:\Home
#        Project\Radiomonitoring\RadiomonitorMaster\STM32F103C8 (ROM 64kB, RAM
#        20kB)\Obj\LCD.o" "C:\Home
#        Project\Radiomonitoring\RadiomonitorMaster\STM32F103C8 (ROM 64kB, RAM
#        20kB)\Obj\lcd_general.o" "C:\Home
#        Project\Radiomonitoring\RadiomonitorMaster\STM32F103C8 (ROM 64kB, RAM
#        20kB)\Obj\list.o" "C:\Home
#        Project\Radiomonitoring\RadiomonitorMaster\STM32F103C8 (ROM 64kB, RAM
#        20kB)\Obj\main.o" "C:\Home
#        Project\Radiomonitoring\RadiomonitorMaster\STM32F103C8 (ROM 64kB, RAM
#        20kB)\Obj\misc.o" "C:\Home
#        Project\Radiomonitoring\RadiomonitorMaster\STM32F103C8 (ROM 64kB, RAM
#        20kB)\Obj\platform_config.o" "C:\Home
#        Project\Radiomonitoring\RadiomonitorMaster\STM32F103C8 (ROM 64kB, RAM
#        20kB)\Obj\port.o" "C:\Home
#        Project\Radiomonitoring\RadiomonitorMaster\STM32F103C8 (ROM 64kB, RAM
#        20kB)\Obj\portasm.o" "C:\Home
#        Project\Radiomonitoring\RadiomonitorMaster\STM32F103C8 (ROM 64kB, RAM
#        20kB)\Obj\queue.o" "C:\Home
#        Project\Radiomonitoring\RadiomonitorMaster\STM32F103C8 (ROM 64kB, RAM
#        20kB)\Obj\rtc.o" "C:\Home
#        Project\Radiomonitoring\RadiomonitorMaster\STM32F103C8 (ROM 64kB, RAM
#        20kB)\Obj\startup_stm32f10x_md.o" "C:\Home
#        Project\Radiomonitoring\RadiomonitorMaster\STM32F103C8 (ROM 64kB, RAM
#        20kB)\Obj\stm32f10x_adc.o" "C:\Home
#        Project\Radiomonitoring\RadiomonitorMaster\STM32F103C8 (ROM 64kB, RAM
#        20kB)\Obj\stm32f10x_bkp.o" "C:\Home
#        Project\Radiomonitoring\RadiomonitorMaster\STM32F103C8 (ROM 64kB, RAM
#        20kB)\Obj\stm32f10x_can.o" "C:\Home
#        Project\Radiomonitoring\RadiomonitorMaster\STM32F103C8 (ROM 64kB, RAM
#        20kB)\Obj\stm32f10x_cec.o" "C:\Home
#        Project\Radiomonitoring\RadiomonitorMaster\STM32F103C8 (ROM 64kB, RAM
#        20kB)\Obj\stm32f10x_crc.o" "C:\Home
#        Project\Radiomonitoring\RadiomonitorMaster\STM32F103C8 (ROM 64kB, RAM
#        20kB)\Obj\stm32f10x_dac.o" "C:\Home
#        Project\Radiomonitoring\RadiomonitorMaster\STM32F103C8 (ROM 64kB, RAM
#        20kB)\Obj\stm32f10x_dbgmcu.o" "C:\Home
#        Project\Radiomonitoring\RadiomonitorMaster\STM32F103C8 (ROM 64kB, RAM
#        20kB)\Obj\stm32f10x_dma.o" "C:\Home
#        Project\Radiomonitoring\RadiomonitorMaster\STM32F103C8 (ROM 64kB, RAM
#        20kB)\Obj\stm32f10x_exti.o" "C:\Home
#        Project\Radiomonitoring\RadiomonitorMaster\STM32F103C8 (ROM 64kB, RAM
#        20kB)\Obj\stm32f10x_flash.o" "C:\Home
#        Project\Radiomonitoring\RadiomonitorMaster\STM32F103C8 (ROM 64kB, RAM
#        20kB)\Obj\stm32f10x_fsmc.o" "C:\Home
#        Project\Radiomonitoring\RadiomonitorMaster\STM32F103C8 (ROM 64kB, RAM
#        20kB)\Obj\stm32f10x_gpio.o" "C:\Home
#        Project\Radiomonitoring\RadiomonitorMaster\STM32F103C8 (ROM 64kB, RAM
#        20kB)\Obj\stm32f10x_i2c.o" "C:\Home
#        Project\Radiomonitoring\RadiomonitorMaster\STM32F103C8 (ROM 64kB, RAM
#        20kB)\Obj\stm32f10x_it.o" "C:\Home
#        Project\Radiomonitoring\RadiomonitorMaster\STM32F103C8 (ROM 64kB, RAM
#        20kB)\Obj\stm32f10x_iwdg.o" "C:\Home
#        Project\Radiomonitoring\RadiomonitorMaster\STM32F103C8 (ROM 64kB, RAM
#        20kB)\Obj\stm32f10x_pwr.o" "C:\Home
#        Project\Radiomonitoring\RadiomonitorMaster\STM32F103C8 (ROM 64kB, RAM
#        20kB)\Obj\stm32f10x_rcc.o" "C:\Home
#        Project\Radiomonitoring\RadiomonitorMaster\STM32F103C8 (ROM 64kB, RAM
#        20kB)\Obj\stm32f10x_rtc.o" "C:\Home
#        Project\Radiomonitoring\RadiomonitorMaster\STM32F103C8 (ROM 64kB, RAM
#        20kB)\Obj\stm32f10x_sdio.o" "C:\Home
#        Project\Radiomonitoring\RadiomonitorMaster\STM32F103C8 (ROM 64kB, RAM
#        20kB)\Obj\stm32f10x_spi.o" "C:\Home
#        Project\Radiomonitoring\RadiomonitorMaster\STM32F103C8 (ROM 64kB, RAM
#        20kB)\Obj\stm32f10x_tim.o" "C:\Home
#        Project\Radiomonitoring\RadiomonitorMaster\STM32F103C8 (ROM 64kB, RAM
#        20kB)\Obj\stm32f10x_usart.o" "C:\Home
#        Project\Radiomonitoring\RadiomonitorMaster\STM32F103C8 (ROM 64kB, RAM
#        20kB)\Obj\stm32f10x_wwdg.o" "C:\Home
#        Project\Radiomonitoring\RadiomonitorMaster\STM32F103C8 (ROM 64kB, RAM
#        20kB)\Obj\system_stm32f10x.o" "C:\Home
#        Project\Radiomonitoring\RadiomonitorMaster\STM32F103C8 (ROM 64kB, RAM
#        20kB)\Obj\tasks.o" "C:\Home
#        Project\Radiomonitoring\RadiomonitorMaster\STM32F103C8 (ROM 64kB, RAM
#        20kB)\Obj\timers.o" "C:\Home
#        Project\Radiomonitoring\RadiomonitorMaster\STM32F103C8 (ROM 64kB, RAM
#        20kB)\Obj\USART.o" "C:\Home
#        Project\Radiomonitoring\RadiomonitorMaster\STM32F103C8 (ROM 64kB, RAM
#        20kB)\Obj\usb_core.o" "C:\Home
#        Project\Radiomonitoring\RadiomonitorMaster\STM32F103C8 (ROM 64kB, RAM
#        20kB)\Obj\usb_desc.o" "C:\Home
#        Project\Radiomonitoring\RadiomonitorMaster\STM32F103C8 (ROM 64kB, RAM
#        20kB)\Obj\usb_endp.o" "C:\Home
#        Project\Radiomonitoring\RadiomonitorMaster\STM32F103C8 (ROM 64kB, RAM
#        20kB)\Obj\usb_init.o" "C:\Home
#        Project\Radiomonitoring\RadiomonitorMaster\STM32F103C8 (ROM 64kB, RAM
#        20kB)\Obj\usb_int.o" "C:\Home
#        Project\Radiomonitoring\RadiomonitorMaster\STM32F103C8 (ROM 64kB, RAM
#        20kB)\Obj\usb_istr.o" "C:\Home
#        Project\Radiomonitoring\RadiomonitorMaster\STM32F103C8 (ROM 64kB, RAM
#        20kB)\Obj\usb_mem.o" "C:\Home
#        Project\Radiomonitoring\RadiomonitorMaster\STM32F103C8 (ROM 64kB, RAM
#        20kB)\Obj\usb_prop.o" "C:\Home
#        Project\Radiomonitoring\RadiomonitorMaster\STM32F103C8 (ROM 64kB, RAM
#        20kB)\Obj\usb_pwr.o" "C:\Home
#        Project\Radiomonitoring\RadiomonitorMaster\STM32F103C8 (ROM 64kB, RAM
#        20kB)\Obj\usb_regs.o" "C:\Home
#        Project\Radiomonitoring\RadiomonitorMaster\STM32F103C8 (ROM 64kB, RAM
#        20kB)\Obj\usb_sil.o" -o "C:\Home
#        Project\Radiomonitoring\RadiomonitorMaster\STM32F103C8 (ROM 64kB, RAM
#        20kB)\Exe\c.out" --redirect _Printf=_PrintfFull --redirect
#        _Scanf=_ScanfFull --map "C:\Home
#        Project\Radiomonitoring\RadiomonitorMaster\STM32F103C8 (ROM 64kB, RAM
#        20kB)\List\c.map" --config "C:\Home
#        Project\Radiomonitoring\RadiomonitorMaster\stm32f103x8.icf"
#        --semihosting --entry __iar_program_start --vfe
#
###############################################################################

*******************************************************************************
*** RUNTIME MODEL ATTRIBUTES
***

CppFlavor       = *
__SystemLibrary = DLib


*******************************************************************************
*** PLACEMENT SUMMARY
***

"A1":  place at 0x08000000 { ro section .intvec };
"P1":  place in [from 0x08000000 to 0x0800ffff] { ro };
"P2":  place in [from 0x20000000 to 0x20004fff] { rw, block CSTACK, block HEAP };
initialize by copy { rw };

  Section            Kind        Address    Size  Object
  -------            ----        -------    ----  ------
"A1":                                       0xec
  .intvec            ro code  0x08000000    0xec  startup_stm32f10x_md.o [1]
                            - 0x080000ec    0xec

"P1":                                     0x324f
  .text              ro code  0x080000ec   0xcb6  usb_core.o [1]
  .text              ro code  0x08000da4   0x2d4  usb_regs.o [1]
  .text              ro code  0x08001078    0x6e  usb_mem.o [1]
  .text              ro code  0x080010e8   0x6cc  tasks.o [1]
  .text              ro code  0x080017b4    0xec  port.o [1]
  .text              ro code  0x080018a0    0x9e  list.o [1]
  CODE               ro code  0x08001940    0x90  portasm.o [1]
  .text              ro code  0x080019d0    0x6a  main.o [1]
  .text              ro code  0x08001a3c    0x74  heap_1.o [1]
  .text              ro code  0x08001ab0    0x66  ABImemset.o [4]
  .text              ro code  0x08001b18   0x17c  platform_config.o [1]
  .text              ro code  0x08001c94    0xd0  rtc.o [1]
  .text              ro code  0x08001d64   0x190  hw_config.o [1]
  .text              ro code  0x08001ef4    0x40  usb_init.o [1]
  .text              ro code  0x08001f34    0x7a  cmsis_os.o [1]
  .text              ro code  0x08001fb0    0x38  stm32f10x_iwdg.o [1]
  .text              ro code  0x08001fe8   0x108  stm32f10x_rcc.o [1]
  .text              ro code  0x080020f0   0x1d4  stm32f10x_gpio.o [1]
  .text              ro code  0x080022c4   0x1a4  stm32f10x_tim.o [1]
  .text              ro code  0x08002468     0xc  stm32f10x_pwr.o [1]
  .text              ro code  0x08002474    0x60  stm32f10x_bkp.o [1]
  .text              ro code  0x080024d4    0x88  stm32f10x_rtc.o [1]
  .text              ro code  0x0800255c    0xa4  stm32f10x_exti.o [1]
  .text              ro code  0x08002600    0x88  misc.o [1]
  .text              ro code  0x08002688   0x268  usb_prop.o [1]
  .text              ro code  0x080028f0    0x48  usb_pwr.o [1]
  .text              ro code  0x08002938    0x28  usb_sil.o [1]
  .text              ro code  0x08002960   0x250  usb_int.o [1]
  .text              ro code  0x08002bb0   0x158  system_stm32f10x.o [1]
  .text              ro code  0x08002d08   0x100  USART.o [1]
  .text              ro code  0x08002e08    0x4c  stm32f10x_dma.o [1]
  .text              ro code  0x08002e54    0x78  lz77_init_single.o [4]
  .text              ro code  0x08002ecc    0x60  debug.o [1]
  .text              ro code  0x08002f2c    0x36  strlen.o [4]
  .text              ro code  0x08002f64    0x60  usb_istr.o [1]
  .text              ro code  0x08002fc4    0x58  stm32f10x_it.o [1]
  .rodata            const    0x0800301c    0x44  usb_desc.o [1]
  .text              ro code  0x08003060    0x40  usb_endp.o [1]
  .text              ro code  0x080030a0    0x40  zero_init3.o [4]
  .rodata            const    0x080030e0    0x34  usb_desc.o [1]
  .rodata            const    0x08003114    0x28  usb_desc.o [1]
  .text              ro code  0x0800313c    0x28  data_init.o [4]
  .iar.init_table    const    0x08003164    0x20  - Linker created -
  .text              ro code  0x08003184    0x1a  cmain.o [4]
  .text              ro code  0x0800319e     0x4  low_level_init.o [3]
  .text              ro code  0x080031a2     0x4  exit.o [3]
  .text              ro code  0x080031a8     0xa  cexit.o [4]
  .text              ro code  0x080031b4    0x14  exit.o [5]
  .rodata            const    0x080031c8    0x14  usb_desc.o [1]
  .text              ro code  0x080031dc    0x10  startup_stm32f10x_md.o [1]
  .rodata            const    0x080031ec     0xc  main.o [1]
  .text              ro code  0x080031f8     0xc  cstartup_M.o [4]
  .rodata            const    0x08003204     0x8  tasks.o [1]
  .rodata            const    0x0800320c     0x4  usb_desc.o [1]
  .text              ro code  0x08003210     0x4  startup_stm32f10x_md.o [1]
  .text              ro code  0x08003214     0x4  startup_stm32f10x_md.o [1]
  .text              ro code  0x08003218     0x4  startup_stm32f10x_md.o [1]
  .text              ro code  0x0800321c     0x4  startup_stm32f10x_md.o [1]
  .text              ro code  0x08003220     0x4  startup_stm32f10x_md.o [1]
  .text              ro code  0x08003224     0x4  startup_stm32f10x_md.o [1]
  .text              ro code  0x08003228     0x4  startup_stm32f10x_md.o [1]
  .text              ro code  0x0800322c     0x4  startup_stm32f10x_md.o [1]
  .text              ro code  0x08003230     0x4  startup_stm32f10x_md.o [1]
  .text              ro code  0x08003234     0x4  startup_stm32f10x_md.o [1]
  .text              ro code  0x08003238     0x4  startup_stm32f10x_md.o [1]
  .text              ro code  0x0800323c     0x4  startup_stm32f10x_md.o [1]
  .text              ro code  0x08003240     0x4  startup_stm32f10x_md.o [1]
  .text              ro code  0x08003244     0x4  startup_stm32f10x_md.o [1]
  .text              ro code  0x08003248     0x4  startup_stm32f10x_md.o [1]
  .text              ro code  0x0800324c     0x4  startup_stm32f10x_md.o [1]
  .text              ro code  0x08003250     0x4  startup_stm32f10x_md.o [1]
  .text              ro code  0x08003254     0x4  startup_stm32f10x_md.o [1]
  .text              ro code  0x08003258     0x4  startup_stm32f10x_md.o [1]
  .text              ro code  0x0800325c     0x4  startup_stm32f10x_md.o [1]
  .text              ro code  0x08003260     0x4  startup_stm32f10x_md.o [1]
  .text              ro code  0x08003264     0x4  startup_stm32f10x_md.o [1]
  .text              ro code  0x08003268     0x4  startup_stm32f10x_md.o [1]
  .text              ro code  0x0800326c     0x4  startup_stm32f10x_md.o [1]
  .text              ro code  0x08003270     0x4  startup_stm32f10x_md.o [1]
  .text              ro code  0x08003274     0x4  startup_stm32f10x_md.o [1]
  .text              ro code  0x08003278     0x4  startup_stm32f10x_md.o [1]
  .text              ro code  0x0800327c     0x4  startup_stm32f10x_md.o [1]
  .text              ro code  0x08003280     0x4  startup_stm32f10x_md.o [1]
  .text              ro code  0x08003284     0x4  startup_stm32f10x_md.o [1]
  .text              ro code  0x08003288     0x4  startup_stm32f10x_md.o [1]
  .text              ro code  0x0800328c     0x4  startup_stm32f10x_md.o [1]
  .text              ro code  0x08003290     0x4  startup_stm32f10x_md.o [1]
  .text              ro code  0x08003294     0x4  startup_stm32f10x_md.o [1]
  .text              ro code  0x08003298     0x4  startup_stm32f10x_md.o [1]
  .text              ro code  0x0800329c     0x4  startup_stm32f10x_md.o [1]
  .text              ro code  0x080032a0     0x4  startup_stm32f10x_md.o [1]
  .text              ro code  0x080032a4     0x4  startup_stm32f10x_md.o [1]
  .rodata            const    0x080032a8     0x0  zero_init3.o [4]
  .rodata            const    0x080032a8     0x0  lz77_init_single.o [4]
  Initializer bytes  const    0x080032a8    0x93  <for P2-1>
                            - 0x0800333b  0x324f

"P2", part 1 of 3:                          0xf2
  P2-1                        0x20000000    0xf2  <Init block>
    .data            inited   0x20000000     0x4  port.o [1]
    .data            inited   0x20000004     0x4  system_stm32f10x.o [1]
    .data            inited   0x20000008     0x4  tasks.o [1]
    .data            inited   0x2000000c    0x1c  usb_desc.o [1]
    .data            inited   0x20000028    0x1c  usb_istr.o [1]
    .data            inited   0x20000044    0x1c  usb_istr.o [1]
    .data            inited   0x20000060     0x8  usb_prop.o [1]
    .data            inited   0x20000068     0x4  usb_prop.o [1]
    .data            inited   0x2000006c    0x30  usb_prop.o [1]
    .data            inited   0x2000009c    0x24  usb_prop.o [1]
    .data            inited   0x200000c0     0x8  usb_prop.o [1]
    .data            inited   0x200000c8     0x8  usb_prop.o [1]
    .data            inited   0x200000d0    0x20  usb_prop.o [1]
    .data            inited   0x200000f0     0x2  main.o [1]
                            - 0x200000f2    0xf2

"P2", part 2 of 3:                         0x400
  CSTACK                      0x200000f8   0x400  <Block>
    CSTACK           uninit   0x200000f8   0x400  <Block tail>
                            - 0x200004f8   0x400

"P2", part 3 of 3:                        0x2988
  .bss               zero     0x200004f8  0x2800  heap_1.o [1]
  .bss               zero     0x20002cf8    0x50  tasks.o [1]
  .bss               zero     0x20002d48    0x40  hw_config.o [1]
  .bss               zero     0x20002d88    0x1c  usb_init.o [1]
  .bss               zero     0x20002da4    0x14  tasks.o [1]
  .bss               zero     0x20002db8    0x14  tasks.o [1]
  .bss               zero     0x20002dcc    0x14  tasks.o [1]
  .bss               zero     0x20002de0    0x14  tasks.o [1]
  .bss               zero     0x20002df4    0x14  tasks.o [1]
  .bss               zero     0x20002e08     0x8  hw_config.o [1]
  .bss               zero     0x20002e10     0x4  heap_1.o [1]
  .bss               zero     0x20002e14     0x4  heap_1.o [1]
  .bss               zero     0x20002e18     0x4  main.o [1]
  .bss               zero     0x20002e1c     0x4  main.o [1]
  .bss               zero     0x20002e20     0x4  main.o [1]
  .bss               zero     0x20002e24     0x4  tasks.o [1]
  .bss               zero     0x20002e28     0x4  tasks.o [1]
  .bss               zero     0x20002e2c     0x4  tasks.o [1]
  .bss               zero     0x20002e30     0x4  tasks.o [1]
  .bss               zero     0x20002e34     0x4  tasks.o [1]
  .bss               zero     0x20002e38     0x4  tasks.o [1]
  .bss               zero     0x20002e3c     0x4  tasks.o [1]
  .bss               zero     0x20002e40     0x4  tasks.o [1]
  .bss               zero     0x20002e44     0x4  tasks.o [1]
  .bss               zero     0x20002e48     0x4  tasks.o [1]
  .bss               zero     0x20002e4c     0x4  tasks.o [1]
  .bss               zero     0x20002e50     0x4  tasks.o [1]
  .bss               zero     0x20002e54     0x4  tasks.o [1]
  .bss               zero     0x20002e58     0x4  tasks.o [1]
  .bss               zero     0x20002e5c     0x4  usb_core.o [1]
  .bss               zero     0x20002e60     0x4  usb_endp.o [1]
  .bss               zero     0x20002e64     0x4  usb_init.o [1]
  .bss               zero     0x20002e68     0x4  usb_init.o [1]
  .bss               zero     0x20002e6c     0x4  usb_init.o [1]
  .bss               zero     0x20002e70     0x4  usb_pwr.o [1]
  .bss               zero     0x20002e74     0x2  usb_init.o [1]
  .bss               zero     0x20002e76     0x2  usb_int.o [1]
  .bss               zero     0x20002e78     0x2  usb_int.o [1]
  .bss               zero     0x20002e7a     0x2  usb_istr.o [1]
  .bss               zero     0x20002e7c     0x1  USART.o [1]
  .bss               zero     0x20002e7d     0x1  usb_core.o [1]
  .bss               zero     0x20002e7e     0x1  usb_init.o [1]
  .bss               zero     0x20002e7f     0x1  usb_prop.o [1]
                            - 0x20002e80  0x2988


*******************************************************************************
*** INIT TABLE
***

          Address     Size
          -------     ----
Zero (__iar_zero_init3)
    1 destination range, total size 0x2988:
          0x200004f8  0x2988

Copy/lz77 (__iar_lz77_init_single3)
    1 source range, total size 0x93 (60% of destination):
          0x080032a8    0x93
    1 destination range, total size 0xf2:
          0x20000000    0xf2



*******************************************************************************
*** MODULE SUMMARY
***

    Module                  ro code  ro data  rw data
    ------                  -------  -------  -------
C:\Home Project\Radiomonitoring\RadiomonitorMaster\STM32F103C8 (ROM 64kB, RAM 20kB)\Obj: [1]
    USART.o                     256                 1
    cmsis_os.o                  122
    debug.o                      96
    heap_1.o                    116            10 248
    hw_config.o                 400                72
    list.o                      158
    main.o                      106       14       14
    misc.o                      136
    platform_config.o           380
    port.o                      236        2        4
    portasm.o                   144
    rtc.o                       208
    startup_stm32f10x_md.o      404
    stm32f10x_bkp.o              96
    stm32f10x_dma.o              76
    stm32f10x_exti.o            164
    stm32f10x_gpio.o            468
    stm32f10x_it.o               88
    stm32f10x_iwdg.o             56
    stm32f10x_pwr.o              12
    stm32f10x_rcc.o             264
    stm32f10x_rtc.o             136
    stm32f10x_tim.o             420
    system_stm32f10x.o          344        2        4
    tasks.o                   1 740       11      240
    usb_core.o                3 254                 5
    usb_desc.o                           201       28
    usb_endp.o                   64                 4
    usb_init.o                   64                43
    usb_int.o                   592                 4
    usb_istr.o                   96       34       58
    usb_mem.o                   110
    usb_prop.o                  616       87      145
    usb_pwr.o                    72                 4
    usb_regs.o                  724
    usb_sil.o                    40
    -------------------------------------------------
    Total:                   12 258      351   10 874

command line: [2]
    -------------------------------------------------
    Total:

dl7M_tln.a: [3]
    exit.o                        4
    low_level_init.o              4
    -------------------------------------------------
    Total:                        8

rt7M_tl.a: [4]
    ABImemset.o                 102
    cexit.o                      10
    cmain.o                      26
    cstartup_M.o                 12
    data_init.o                  40
    lz77_init_single.o          120
    strlen.o                     54
    zero_init3.o                 64
    -------------------------------------------------
    Total:                      428

shb_l.a: [5]
    exit.o                       20
    -------------------------------------------------
    Total:                       20

    Gaps                         18
    Linker created                        32    1 024
-----------------------------------------------------
    Grand Total:             12 732      383   11 898


*******************************************************************************
*** ENTRY LIST
***

Entry                      Address    Size  Type      Object
-----                      -------    ----  ----      ------
.iar.init_table$$Base   0x08003164           --   Gb  - Linker created -
.iar.init_table$$Limit  0x08003184           --   Gb  - Linker created -
?main                   0x08003185          Code  Gb  cmain.o [4]
BKP_ClearFlag           0x080024bd     0xe  Code  Gb  stm32f10x_bkp.o [1]
BKP_DeInit              0x08002475    0x10  Code  Gb  stm32f10x_bkp.o [1]
BKP_ReadBackupRegister  0x080024a1    0x1c  Code  Gb  stm32f10x_bkp.o [1]
BKP_WriteBackupRegister
                        0x08002485    0x1c  Code  Gb  stm32f10x_bkp.o [1]
BusFault_Handler        0x08003003     0x2  Code  Gb  stm32f10x_it.o [1]
ByteSwap                0x0800105d    0x1c  Code  Gb  usb_regs.o [1]
CDC_Send_DATA           0x08001ec1    0x34  Code  Gb  hw_config.o [1]
CSTACK$$Base            0x200000f8           --   Gb  - Linker created -
CSTACK$$Limit           0x200004f8           --   Gb  - Linker created -
CTR_LP                  0x08002961   0x22e  Code  Gb  usb_int.o [1]
ClearDTOG_RX            0x08000ed1    0x32  Code  Gb  usb_regs.o [1]
ClearDTOG_TX            0x08000f03    0x32  Code  Gb  usb_regs.o [1]
Clear_Status_Out        0x08000eab    0x26  Code  Gb  usb_regs.o [1]
Config_Descriptor       0x200000c8     0x8  Data  Gb  usb_prop.o [1]
CurrentTaskHandle       0x20002e18     0x4  Data  Gb  main.o [1]
DMA1_Channel3_IRQHandler
                        0x08002d09    0x58  Code  Gb  USART.o [1]
DMA1_Channel5_IRQHandler
                        0x08002db9    0x3c  Code  Gb  USART.o [1]
DMA1_Channel6_IRQHandler
                        0x08002d61    0x58  Code  Gb  USART.o [1]
DMA_ClearITPendingBit   0x08002e33    0x10  Code  Gb  stm32f10x_dma.o [1]
DMA_GetITStatus         0x08002e09    0x2a  Code  Gb  stm32f10x_dma.o [1]
DataStageIn             0x0800067f    0xcc  Code  Lc  usb_core.o [1]
DataStageOut            0x080005bd    0xc2  Code  Lc  usb_core.o [1]
Data_Mul_MaxPacketSize  0x20002e7d     0x1  Data  Gb  usb_core.o [1]
Data_Setup0             0x080008b1   0x2d6  Code  Lc  usb_core.o [1]
DebugMon_Handler        0x08003007     0x2  Code  Gb  stm32f10x_it.o [1]
Device_Descriptor       0x200000c0     0x8  Data  Gb  usb_prop.o [1]
Device_Info             0x20002d88    0x1c  Data  Gb  usb_init.o [1]
Device_Property         0x2000006c    0x30  Data  Gb  usb_prop.o [1]
Device_Table            0x20000068     0x4  Data  Gb  usb_prop.o [1]
EP1_IN_Callback         0x08003061     0x2  Code  Gb  usb_endp.o [1]
EP3_OUT_Callback        0x08003063    0x36  Code  Gb  usb_endp.o [1]
EPindex                 0x20002e7e     0x1  Data  Gb  usb_init.o [1]
EXTI_ClearITPendingBit  0x080025e5     0x6  Code  Gb  stm32f10x_exti.o [1]
EXTI_Init               0x0800255d    0x88  Code  Gb  stm32f10x_exti.o [1]
EXTI_InitStructure      0x20002e08     0x8  Data  Gb  hw_config.o [1]
GPIO_Init               0x080020f1   0x136  Code  Gb  stm32f10x_gpio.o [1]
GPIO_PinRemapConfig     0x08002233    0x88  Code  Gb  stm32f10x_gpio.o [1]
GPIO_ResetBits          0x0800222d     0x6  Code  Gb  stm32f10x_gpio.o [1]
GPIO_SetBits            0x08002227     0x6  Code  Gb  stm32f10x_gpio.o [1]
GetEPRxAddr             0x08000f9d    0x1c  Code  Gb  usb_regs.o [1]
GetEPRxCount            0x08001029    0x1e  Code  Gb  usb_regs.o [1]
GetEPTxAddr             0x08000f7f    0x1e  Code  Gb  usb_regs.o [1]
Get_SerialNum           0x08001e2d    0x30  Code  Gb  hw_config.o [1]
HardFault_Handler       0x08002fdb    0x18  Code  Gb  stm32f10x_it.o [1]
IWDG_Enable             0x08001fd3     0xa  Code  Gb  stm32f10x_iwdg.o [1]
IWDG_ReloadCounter      0x08001fc9     0xa  Code  Gb  stm32f10x_iwdg.o [1]
IWDG_SetPrescaler       0x08001fb9     0x8  Code  Gb  stm32f10x_iwdg.o [1]
IWDG_SetReload          0x08001fc1     0x8  Code  Gb  stm32f10x_iwdg.o [1]
IWDG_WriteAccessCmd     0x08001fb1     0x8  Code  Gb  stm32f10x_iwdg.o [1]
In0_Process             0x08000c17    0x68  Code  Gb  usb_core.o [1]
InitBKP                 0x08001c41    0x22  Code  Gb  platform_config.o [1]
InitGPIO                0x08001b19    0x8a  Code  Gb  platform_config.o [1]
InitIWDG                0x08001c63    0x32  Code  Gb  platform_config.o [1]
InitTIM4                0x08001ba3    0x7e  Code  Gb  platform_config.o [1]
IntToUnicode            0x08001e7d    0x44  Code  Lc  hw_config.o [1]
MemManage_Handler       0x08003001     0x2  Code  Gb  stm32f10x_it.o [1]
NMI_Handler             0x08002fc5    0x16  Code  Gb  stm32f10x_it.o [1]
NOP_Process             0x08000da1     0x2  Code  Gb  usb_core.o [1]
NVIC_EnableIRQ          0x08002ecd    0x14  Code  Lc  debug.o [1]
NVIC_Init               0x0800260b    0x68  Code  Gb  misc.o [1]
NVIC_PriorityGroupConfig
                        0x08002601     0xa  Code  Gb  misc.o [1]
NoData_Setup0           0x0800074b   0x166  Code  Lc  usb_core.o [1]
Out0_Process            0x08000c7f    0x4e  Code  Gb  usb_core.o [1]
PMAToUserBufferCopy     0x080010b9    0x2e  Code  Gb  usb_mem.o [1]
PWR_BackupAccessCmd     0x08002469     0x8  Code  Gb  stm32f10x_pwr.o [1]
PendSV_Handler          0x08001941          Code  Gb  portasm.o [1]
Post0_Process           0x08000cd9    0x3c  Code  Gb  usb_core.o [1]
PowerOn                 0x080028f1    0x3a  Code  Gb  usb_pwr.o [1]
RCC_APB1PeriphClockCmd  0x08002055    0x1e  Code  Gb  stm32f10x_rcc.o [1]
RCC_APB2PeriphClockCmd  0x08002037    0x1e  Code  Gb  stm32f10x_rcc.o [1]
RCC_BackupResetCmd      0x08002073     0x8  Code  Gb  stm32f10x_rcc.o [1]
RCC_GetFlagStatus       0x0800207b    0x52  Code  Gb  stm32f10x_rcc.o [1]
RCC_LSEConfig           0x08001fef    0x2c  Code  Gb  stm32f10x_rcc.o [1]
RCC_LSICmd              0x0800201b     0x8  Code  Gb  stm32f10x_rcc.o [1]
RCC_RTCCLKCmd           0x0800202f     0x8  Code  Gb  stm32f10x_rcc.o [1]
RCC_RTCCLKConfig        0x08002023     0xc  Code  Gb  stm32f10x_rcc.o [1]
RCC_USBCLKConfig        0x08001fe9     0x6  Code  Gb  stm32f10x_rcc.o [1]
RTC_EnterConfigMode     0x080024d5     0xe  Code  Gb  stm32f10x_rtc.o [1]
RTC_ExitConfigMode      0x080024e3    0x10  Code  Gb  stm32f10x_rtc.o [1]
RTC_SetCounter          0x080024f3    0x18  Code  Gb  stm32f10x_rtc.o [1]
RTC_SetPrescaler        0x0800250b    0x1c  Code  Gb  stm32f10x_rtc.o [1]
RTC_WaitForLastTask     0x08002527     0xa  Code  Gb  stm32f10x_rtc.o [1]
RTC_WaitForSynchro      0x08002531    0x18  Code  Gb  stm32f10x_rtc.o [1]
Receive_Buffer          0x20002d48    0x40  Data  Gb  hw_config.o [1]
Receive_length          0x20002e60     0x4  Data  Gb  usb_endp.o [1]
Region$$Table$$Base     0x08003164           --   Gb  - Linker created -
Region$$Table$$Limit    0x08003184           --   Gb  - Linker created -
Request                 0x20002e7f     0x1  Data  Gb  usb_prop.o [1]
SVC_Handler             0x08001993          Code  Gb  portasm.o [1]
SaveRState              0x20002e76     0x2  Data  Gb  usb_int.o [1]
SaveTState              0x20002e78     0x2  Data  Gb  usb_int.o [1]
SetBTABLE               0x08000da5     0xe  Code  Gb  usb_regs.o [1]
SetDeviceAddress        0x08000d15    0x48  Code  Gb  usb_core.o [1]
SetEPRxAddr             0x08000f5b    0x24  Code  Gb  usb_regs.o [1]
SetEPRxCount            0x08000fd5    0x54  Code  Gb  usb_regs.o [1]
SetEPRxStatus           0x08000e0f    0x3c  Code  Gb  usb_regs.o [1]
SetEPRxValid            0x08000e7b    0x30  Code  Gb  usb_regs.o [1]
SetEPTxAddr             0x08000f35    0x26  Code  Gb  usb_regs.o [1]
SetEPTxCount            0x08000fb9    0x1c  Code  Gb  usb_regs.o [1]
SetEPTxStatus           0x08000dd3    0x3c  Code  Gb  usb_regs.o [1]
SetEPTxValid            0x08000e4b    0x30  Code  Gb  usb_regs.o [1]
SetEPType               0x08000db3    0x20  Code  Gb  usb_regs.o [1]
SetSysClock             0x08002c05     0x8  Code  Lc  system_stm32f10x.o [1]
SetSysClockTo72         0x08002c0d    0xe0  Code  Lc  system_stm32f10x.o [1]
Set_System              0x08001d65    0x56  Code  Gb  hw_config.o [1]
Set_USBClock            0x08001dbb    0x14  Code  Gb  hw_config.o [1]
Setup0_Process          0x08000b87    0x90  Code  Gb  usb_core.o [1]
Standard_ClearFeature   0x08000331   0x172  Code  Gb  usb_core.o [1]
Standard_GetConfiguration
                        0x080000ed    0x2c  Code  Gb  usb_core.o [1]
Standard_GetDescriptorData
                        0x08000591    0x2c  Code  Gb  usb_core.o [1]
Standard_GetInterface   0x08000167    0x2c  Code  Gb  usb_core.o [1]
Standard_GetStatus      0x08000217   0x11a  Code  Gb  usb_core.o [1]
Standard_SetConfiguration
                        0x08000119    0x4e  Code  Gb  usb_core.o [1]
Standard_SetDeviceFeature
                        0x0800056d    0x24  Code  Gb  usb_core.o [1]
Standard_SetEndPointFeature
                        0x080004a3    0xca  Code  Gb  usb_core.o [1]
Standard_SetInterface   0x08000193    0x84  Code  Gb  usb_core.o [1]
StatusInfo              0x20002e5c     0x4  Data  Gb  usb_core.o [1]
String_Descriptor       0x200000d0    0x20  Data  Gb  usb_prop.o [1]
SysTick_Handler         0x0800184d    0x1e  Code  Gb  port.o [1]
SystemCoreClock         0x20000004     0x4  Data  Gb  system_stm32f10x.o [1]
SystemInit              0x08002bb1    0x54  Code  Gb  system_stm32f10x.o [1]
TIM_ARRPreloadConfig    0x0800240f    0x1c  Code  Gb  stm32f10x_tim.o [1]
TIM_Cmd                 0x080023f3    0x1c  Code  Gb  stm32f10x_tim.o [1]
TIM_OC1Init             0x08002359    0x9a  Code  Gb  stm32f10x_tim.o [1]
TIM_OC1PreloadConfig    0x0800242b    0x12  Code  Gb  stm32f10x_tim.o [1]
TIM_SetCompare1         0x0800243d     0x4  Code  Gb  stm32f10x_tim.o [1]
TIM_TimeBaseInit        0x080022c5    0x94  Code  Gb  stm32f10x_tim.o [1]
USBWakeUp_IRQHandler    0x08003011     0xc  Code  Gb  stm32f10x_it.o [1]
USB_Cable_Config        0x08001e0b    0x22  Code  Gb  hw_config.o [1]
USB_Init                0x08001ef5    0x40  Code  Gb  usb_init.o [1]
USB_Interrupts_Config   0x08001dcf    0x3c  Code  Gb  hw_config.o [1]
USB_Istr                0x08002f65    0x60  Code  Gb  usb_istr.o [1]
USB_LP_CAN1_RX0_IRQHandler
                        0x08003009     0x8  Code  Gb  stm32f10x_it.o [1]
USB_SIL_Init            0x08002939    0x1a  Code  Gb  usb_sil.o [1]
UsageFault_Handler      0x08003005     0x2  Code  Gb  stm32f10x_it.o [1]
UserToPMABufferCopy     0x08001079    0x40  Code  Gb  usb_mem.o [1]
User_Standard_Requests  0x2000009c    0x24  Data  Gb  usb_prop.o [1]
Virtual_Com_Port_ConfigDescriptor
                        0x0800301c    0x44  Data  Gb  usb_desc.o [1]
Virtual_Com_Port_Data_Setup
                        0x080027ad    0x64  Code  Gb  usb_prop.o [1]
Virtual_Com_Port_DeviceDescriptor
                        0x080031c8    0x14  Data  Gb  usb_desc.o [1]
Virtual_Com_Port_GetConfigDescriptor
                        0x08002849    0x10  Code  Gb  usb_prop.o [1]
Virtual_Com_Port_GetDeviceDescriptor
                        0x08002839    0x10  Code  Gb  usb_prop.o [1]
Virtual_Com_Port_GetLineCoding
                        0x08002899    0x18  Code  Gb  usb_prop.o [1]
Virtual_Com_Port_GetStringDescriptor
                        0x08002859    0x26  Code  Gb  usb_prop.o [1]
Virtual_Com_Port_Get_Interface_Setting
                        0x0800287f    0x1a  Code  Gb  usb_prop.o [1]
Virtual_Com_Port_NoData_Setup
                        0x08002811    0x28  Code  Gb  usb_prop.o [1]
Virtual_Com_Port_Reset  0x080026a7    0xdc  Code  Gb  usb_prop.o [1]
Virtual_Com_Port_SetConfiguration
                        0x08002783    0x10  Code  Gb  usb_prop.o [1]
Virtual_Com_Port_SetDeviceAddress
                        0x08002793     0x8  Code  Gb  usb_prop.o [1]
Virtual_Com_Port_SetLineCoding
                        0x080028b1    0x18  Code  Gb  usb_prop.o [1]
Virtual_Com_Port_Status_In
                        0x0800279b    0x10  Code  Gb  usb_prop.o [1]
Virtual_Com_Port_Status_Out
                        0x080027ab     0x2  Code  Gb  usb_prop.o [1]
Virtual_Com_Port_StringLangID
                        0x0800320c     0x4  Data  Gb  usb_desc.o [1]
Virtual_Com_Port_StringProduct
                        0x080030e0    0x34  Data  Gb  usb_desc.o [1]
Virtual_Com_Port_StringSerial
                        0x2000000c    0x1c  Data  Gb  usb_desc.o [1]
Virtual_Com_Port_StringVendor
                        0x08003114    0x28  Data  Gb  usb_desc.o [1]
Virtual_Com_Port_init   0x08002689    0x1e  Code  Gb  usb_prop.o [1]
__aeabi_memset          0x08001ab1          Code  Gb  ABImemset.o [4]
__cmain                 0x08003185          Code  Gb  cmain.o [4]
__exit                  0x080031b5    0x14  Code  Gb  exit.o [5]
__iar_Memset            0x08001ab1          Code  Gb  ABImemset.o [4]
__iar_Memset_word       0x08001ab9          Code  Gb  ABImemset.o [4]
__iar_data_init3        0x0800313d    0x28  Code  Gb  data_init.o [4]
__iar_lz77_init_single3
                        0x08002e55    0x78  Code  Gb  lz77_init_single.o [4]
__iar_program_start     0x080031f9          Code  Gb  cstartup_M.o [4]
__iar_zero_init3        0x080030a1    0x40  Code  Gb  zero_init3.o [4]
__low_level_init        0x0800319f     0x4  Code  Gb  low_level_init.o [3]
__vector_table          0x08000000          Data  Gb  startup_stm32f10x_md.o [1]
_call_main              0x08003191          Code  Gb  cmain.o [4]
_exit                   0x080031a9          Code  Gb  cexit.o [4]
_main                   0x0800319b          Code  Gb  cmain.o [4]
bDeviceState            0x20002e70     0x4  Data  Gb  usb_pwr.o [1]
bGPS_Buffer_Data_Full_Half
                        0x20002e7c     0x1  Data  Gb  USART.o [1]
exit                    0x080031a3     0x4  Code  Gb  exit.o [3]
linecoding              0x20000060     0x8  Data  Gb  usb_prop.o [1]
main                    0x080019d1    0x54  Code  Gb  main.o [1]
makeFreeRtosPriority    0x08001f35    0x12  Code  Lc  cmsis_os.o [1]
osDelay                 0x08001f93    0x1c  Code  Gb  cmsis_os.o [1]
osKernelStart           0x08001f47    0x1a  Code  Gb  cmsis_os.o [1]
osThreadCreate          0x08001f61    0x32  Code  Gb  cmsis_os.o [1]
pEpInt_IN               0x20000028    0x1c  Data  Gb  usb_istr.o [1]
pEpInt_OUT              0x20000044    0x1c  Data  Gb  usb_istr.o [1]
pInformation            0x20002e64     0x4  Data  Gb  usb_init.o [1]
pNameCurrentTask        0x20002e1c     0x4  Data  Gb  main.o [1]
pProperty               0x20002e68     0x4  Data  Gb  usb_init.o [1]
pUser_Standard_Requests
                        0x20002e6c     0x4  Data  Gb  usb_init.o [1]
pcTaskGetTaskName       0x08001385    0x14  Code  Gb  tasks.o [1]
prvAddCurrentTaskToDelayedList
                        0x0800168d    0x3e  Code  Lc  tasks.o [1]
prvAllocateTCBAndStack  0x080016dd    0x54  Code  Lc  tasks.o [1]
prvCheckTasksWaitingTermination
                        0x08001631    0x58  Code  Lc  tasks.o [1]
prvDeleteTCB            0x08001735    0x12  Code  Lc  tasks.o [1]
prvIdleTask             0x08001551    0x1c  Code  Lc  tasks.o [1]
prvInitialiseTCBVariables
                        0x08001571    0x5e  Code  Lc  tasks.o [1]
prvInitialiseTaskLists  0x080015cf    0x56  Code  Lc  tasks.o [1]
prvResetNextTaskUnblockTime
                        0x08001747    0x26  Code  Lc  tasks.o [1]
prvTaskExitError        0x080017d1     0x8  Code  Lc  port.o [1]
pvPortMalloc            0x08001a3d    0x66  Code  Gb  heap_1.o [1]
pvPortMalloc::pucAlignedHeap
                        0x20002e14     0x4  Data  Lc  heap_1.o [1]
pxCurrentTCB            0x20002e24     0x4  Data  Gb  tasks.o [1]
pxDelayedTaskList       0x20002e28     0x4  Data  Lc  tasks.o [1]
pxOverflowDelayedTaskList
                        0x20002e2c     0x4  Data  Lc  tasks.o [1]
pxPortInitialiseStack   0x080017b5    0x1c  Code  Gb  port.o [1]
pxReadyTasksLists       0x20002cf8    0x50  Data  Lc  tasks.o [1]
rtc_init                0x08001c95    0xc6  Code  Gb  rtc.o [1]
strlen                  0x08002f2d          Code  Gb  strlen.o [4]
ucHeap                  0x200004f8  0x2800  Data  Lc  heap_1.o [1]
ulPortSetInterruptMask  0x0800197f          Code  Gb  portasm.o [1]
usTIMET4_CCR1_Val       0x200000f0     0x2  Data  Gb  main.o [1]
uxCriticalNesting       0x20000000     0x4  Data  Lc  port.o [1]
uxCurrentNumberOfTasks  0x20002e38     0x4  Data  Lc  tasks.o [1]
uxListRemove            0x08001917    0x28  Code  Gb  list.o [1]
uxPendedTicks           0x20002e48     0x4  Data  Lc  tasks.o [1]
uxSchedulerSuspended    0x20002e58     0x4  Data  Lc  tasks.o [1]
uxTaskNumber            0x20002e54     0x4  Data  Lc  tasks.o [1]
uxTasksDeleted          0x20002e30     0x4  Data  Lc  tasks.o [1]
uxTopReadyPriority      0x20002e40     0x4  Data  Lc  tasks.o [1]
vApplicationIdleHook    0x08001a33     0x8  Code  Gb  main.o [1]
vApplicationStackOverflowHook
                        0x08001a31     0x2  Code  Gb  main.o [1]
vDebugTask              0x08002ee1    0x44  Code  Gb  debug.o [1]
vListInitialise         0x080018a1    0x1e  Code  Gb  list.o [1]
vListInitialiseItem     0x080018bf     0x6  Code  Gb  list.o [1]
vListInsert             0x080018dd    0x3a  Code  Gb  list.o [1]
vListInsertEnd          0x080018c5    0x18  Code  Gb  list.o [1]
vPortClearInterruptMask
                        0x0800198d          Code  Gb  portasm.o [1]
vPortEnterCritical      0x08001817    0x1a  Code  Gb  port.o [1]
vPortExitCritical       0x08001831    0x1c  Code  Gb  port.o [1]
vPortFree               0x08001aa3     0x2  Code  Gb  heap_1.o [1]
vPortSetupTimerInterrupt
                        0x0800186b    0x1a  Code  Wk  port.o [1]
vPortStartFirstTask     0x080019b3          Code  Gb  portasm.o [1]
vPortYield              0x08001805    0x12  Code  Gb  port.o [1]
vTaskDelay              0x0800121f    0x3a  Code  Gb  tasks.o [1]
vTaskStartScheduler     0x08001259    0x44  Code  Gb  tasks.o [1]
vTaskSuspendAll         0x0800129d    0x10  Code  Gb  tasks.o [1]
vTaskSwitchContext      0x080014b9    0x96  Code  Gb  tasks.o [1]
wInterrupt_Mask         0x20002e74     0x2  Data  Gb  usb_init.o [1]
wIstr                   0x20002e7a     0x2  Data  Gb  usb_istr.o [1]
xDelayedTaskList1       0x20002da4    0x14  Data  Lc  tasks.o [1]
xDelayedTaskList2       0x20002db8    0x14  Data  Lc  tasks.o [1]
xHandleDebugTask        0x20002e20     0x4  Data  Gb  main.o [1]
xIdleTaskHandle         0x20002e34     0x4  Data  Lc  tasks.o [1]
xNextFreeByte           0x20002e10     0x4  Data  Lc  heap_1.o [1]
xNextTaskUnblockTime    0x20000008     0x4  Data  Lc  tasks.o [1]
xNumOfOverflows         0x20002e50     0x4  Data  Lc  tasks.o [1]
xPendingReadyList       0x20002dcc    0x14  Data  Lc  tasks.o [1]
xPortStartScheduler     0x080017d9    0x2c  Code  Gb  port.o [1]
xSchedulerRunning       0x20002e44     0x4  Data  Lc  tasks.o [1]
xSuspendedTaskList      0x20002df4    0x14  Data  Lc  tasks.o [1]
xTaskGenericCreate      0x080010e9   0x136  Code  Gb  tasks.o [1]
xTaskGetCurrentTaskHandle
                        0x0800176d     0x8  Code  Gb  tasks.o [1]
xTaskIncrementTick      0x08001399   0x120  Code  Gb  tasks.o [1]
xTaskResumeAll          0x080012ad    0xd8  Code  Gb  tasks.o [1]
xTasksWaitingTermination
                        0x20002de0    0x14  Data  Lc  tasks.o [1]
xTickCount              0x20002e3c     0x4  Data  Lc  tasks.o [1]
xYieldPending           0x20002e4c     0x4  Data  Lc  tasks.o [1]


[1] = C:\Home Project\Radiomonitoring\RadiomonitorMaster\STM32F103C8 (ROM 64kB, RAM 20kB)\Obj
[2] = command line
[3] = dl7M_tln.a
[4] = rt7M_tl.a
[5] = shb_l.a

  12 732 bytes of readonly  code memory
     383 bytes of readonly  data memory
  11 898 bytes of readwrite data memory

Errors: none
Warnings: none
