###############################################################################
#
# IAR ELF Linker V7.60.1.11101/W32 for ARM                10/Feb/2017  17:33:08
# Copyright 2007-2016 IAR Systems AB.
#
#    Output file  =  
#        D:\Home Project\Weather-Station\Table Clock\STM32F103C8 (ROM 64kB, RAM
#        20kB)\Exe\debug.out
#    Map file     =  
#        D:\Home Project\Weather-Station\Table Clock\STM32F103C8 (ROM 64kB, RAM
#        20kB)\List\debug.map
#    Command line =  
#        "D:\Home Project\Weather-Station\Table Clock\STM32F103C8 (ROM 64kB,
#        RAM 20kB)\Obj\calendar.o" "D:\Home Project\Weather-Station\Table
#        Clock\STM32F103C8 (ROM 64kB, RAM 20kB)\Obj\cmsis_os.o" "D:\Home
#        Project\Weather-Station\Table Clock\STM32F103C8 (ROM 64kB, RAM
#        20kB)\Obj\croutine.o" "D:\Home Project\Weather-Station\Table
#        Clock\STM32F103C8 (ROM 64kB, RAM 20kB)\Obj\debug.o" "D:\Home
#        Project\Weather-Station\Table Clock\STM32F103C8 (ROM 64kB, RAM
#        20kB)\Obj\event_groups.o" "D:\Home Project\Weather-Station\Table
#        Clock\STM32F103C8 (ROM 64kB, RAM 20kB)\Obj\heap_1.o" "D:\Home
#        Project\Weather-Station\Table Clock\STM32F103C8 (ROM 64kB, RAM
#        20kB)\Obj\I2C.o" "D:\Home Project\Weather-Station\Table
#        Clock\STM32F103C8 (ROM 64kB, RAM 20kB)\Obj\LCD.o" "D:\Home
#        Project\Weather-Station\Table Clock\STM32F103C8 (ROM 64kB, RAM
#        20kB)\Obj\list.o" "D:\Home Project\Weather-Station\Table
#        Clock\STM32F103C8 (ROM 64kB, RAM 20kB)\Obj\main.o" "D:\Home
#        Project\Weather-Station\Table Clock\STM32F103C8 (ROM 64kB, RAM
#        20kB)\Obj\misc.o" "D:\Home Project\Weather-Station\Table
#        Clock\STM32F103C8 (ROM 64kB, RAM 20kB)\Obj\platform_config.o" "D:\Home
#        Project\Weather-Station\Table Clock\STM32F103C8 (ROM 64kB, RAM
#        20kB)\Obj\port.o" "D:\Home Project\Weather-Station\Table
#        Clock\STM32F103C8 (ROM 64kB, RAM 20kB)\Obj\portasm.o" "D:\Home
#        Project\Weather-Station\Table Clock\STM32F103C8 (ROM 64kB, RAM
#        20kB)\Obj\queue.o" "D:\Home Project\Weather-Station\Table
#        Clock\STM32F103C8 (ROM 64kB, RAM 20kB)\Obj\rtc.o" "D:\Home
#        Project\Weather-Station\Table Clock\STM32F103C8 (ROM 64kB, RAM
#        20kB)\Obj\startup_stm32f10x_md.o" "D:\Home
#        Project\Weather-Station\Table Clock\STM32F103C8 (ROM 64kB, RAM
#        20kB)\Obj\stm32f10x_adc.o" "D:\Home Project\Weather-Station\Table
#        Clock\STM32F103C8 (ROM 64kB, RAM 20kB)\Obj\stm32f10x_bkp.o" "D:\Home
#        Project\Weather-Station\Table Clock\STM32F103C8 (ROM 64kB, RAM
#        20kB)\Obj\stm32f10x_can.o" "D:\Home Project\Weather-Station\Table
#        Clock\STM32F103C8 (ROM 64kB, RAM 20kB)\Obj\stm32f10x_cec.o" "D:\Home
#        Project\Weather-Station\Table Clock\STM32F103C8 (ROM 64kB, RAM
#        20kB)\Obj\stm32f10x_crc.o" "D:\Home Project\Weather-Station\Table
#        Clock\STM32F103C8 (ROM 64kB, RAM 20kB)\Obj\stm32f10x_dac.o" "D:\Home
#        Project\Weather-Station\Table Clock\STM32F103C8 (ROM 64kB, RAM
#        20kB)\Obj\stm32f10x_dbgmcu.o" "D:\Home Project\Weather-Station\Table
#        Clock\STM32F103C8 (ROM 64kB, RAM 20kB)\Obj\stm32f10x_dma.o" "D:\Home
#        Project\Weather-Station\Table Clock\STM32F103C8 (ROM 64kB, RAM
#        20kB)\Obj\stm32f10x_exti.o" "D:\Home Project\Weather-Station\Table
#        Clock\STM32F103C8 (ROM 64kB, RAM 20kB)\Obj\stm32f10x_flash.o" "D:\Home
#        Project\Weather-Station\Table Clock\STM32F103C8 (ROM 64kB, RAM
#        20kB)\Obj\stm32f10x_fsmc.o" "D:\Home Project\Weather-Station\Table
#        Clock\STM32F103C8 (ROM 64kB, RAM 20kB)\Obj\stm32f10x_gpio.o" "D:\Home
#        Project\Weather-Station\Table Clock\STM32F103C8 (ROM 64kB, RAM
#        20kB)\Obj\stm32f10x_i2c.o" "D:\Home Project\Weather-Station\Table
#        Clock\STM32F103C8 (ROM 64kB, RAM 20kB)\Obj\stm32f10x_it.o" "D:\Home
#        Project\Weather-Station\Table Clock\STM32F103C8 (ROM 64kB, RAM
#        20kB)\Obj\stm32f10x_iwdg.o" "D:\Home Project\Weather-Station\Table
#        Clock\STM32F103C8 (ROM 64kB, RAM 20kB)\Obj\stm32f10x_pwr.o" "D:\Home
#        Project\Weather-Station\Table Clock\STM32F103C8 (ROM 64kB, RAM
#        20kB)\Obj\stm32f10x_rcc.o" "D:\Home Project\Weather-Station\Table
#        Clock\STM32F103C8 (ROM 64kB, RAM 20kB)\Obj\stm32f10x_rtc.o" "D:\Home
#        Project\Weather-Station\Table Clock\STM32F103C8 (ROM 64kB, RAM
#        20kB)\Obj\stm32f10x_sdio.o" "D:\Home Project\Weather-Station\Table
#        Clock\STM32F103C8 (ROM 64kB, RAM 20kB)\Obj\stm32f10x_spi.o" "D:\Home
#        Project\Weather-Station\Table Clock\STM32F103C8 (ROM 64kB, RAM
#        20kB)\Obj\stm32f10x_tim.o" "D:\Home Project\Weather-Station\Table
#        Clock\STM32F103C8 (ROM 64kB, RAM 20kB)\Obj\stm32f10x_usart.o" "D:\Home
#        Project\Weather-Station\Table Clock\STM32F103C8 (ROM 64kB, RAM
#        20kB)\Obj\stm32f10x_wwdg.o" "D:\Home Project\Weather-Station\Table
#        Clock\STM32F103C8 (ROM 64kB, RAM 20kB)\Obj\system_stm32f10x.o"
#        "D:\Home Project\Weather-Station\Table Clock\STM32F103C8 (ROM 64kB,
#        RAM 20kB)\Obj\tasks.o" "D:\Home Project\Weather-Station\Table
#        Clock\STM32F103C8 (ROM 64kB, RAM 20kB)\Obj\timers.o" "D:\Home
#        Project\Weather-Station\Table Clock\STM32F103C8 (ROM 64kB, RAM
#        20kB)\Obj\USART.o" -o "D:\Home Project\Weather-Station\Table
#        Clock\STM32F103C8 (ROM 64kB, RAM 20kB)\Exe\debug.out" --redirect
#        _Printf=_PrintfFull --redirect _Scanf=_ScanfFull --map "D:\Home
#        Project\Weather-Station\Table Clock\STM32F103C8 (ROM 64kB, RAM
#        20kB)\List\debug.map" --config "D:\Home Project\Weather-Station\Table
#        Clock\stm32f103x8.icf" --semihosting --entry __iar_program_start --vfe
#
###############################################################################

*******************************************************************************
*** RUNTIME MODEL ATTRIBUTES
***

CppFlavor       = *
__SystemLibrary = DLib


*******************************************************************************
*** PLACEMENT SUMMARY
***

"A1":  place at 0x08000000 { ro section .intvec };
"P1":  place in [from 0x08000000 to 0x0800ffff] { ro };
"P2":  place in [from 0x20000000 to 0x20004fff] { rw, block CSTACK, block HEAP };
initialize by copy { rw };

  Section            Kind        Address    Size  Object
  -------            ----        -------    ----  ------
"A1":                                       0xec
  .intvec            ro code  0x08000000    0xec  startup_stm32f10x_md.o [1]
                            - 0x080000ec    0xec

"P1":                                     0x25a8
  .text              ro code  0x080000ec   0x6f0  tasks.o [1]
  .text              ro code  0x080007dc    0xec  port.o [1]
  .text              ro code  0x080008c8    0x9e  list.o [1]
  CODE               ro code  0x08000968    0x90  portasm.o [1]
  .text              ro code  0x080009f8    0xec  main.o [1]
  .text              ro code  0x08000ae4    0x80  heap_1.o [1]
  .text              ro code  0x08000b64    0x66  ABImemset.o [5]
  .text              ro code  0x08000bcc   0x1ce  platform_config.o [1]
  .text              ro code  0x08000d9c    0xd0  rtc.o [1]
  .text              ro code  0x08000e6c    0x7a  cmsis_os.o [1]
  .text              ro code  0x08000ee8    0x1e  I32ToFlt.o [4]
  .text              ro code  0x08000f08    0x4e  FltToDbl.o [4]
  .text              ro code  0x08000f58   0x1a2  DblMul.o [4]
  .text              ro code  0x080010fc   0x256  DblDiv.o [4]
  .text              ro code  0x08001354   0x180  DblSub.o [4]
  .text              ro code  0x080014d4    0x4c  DblToI32.o [4]
  .text              ro code  0x08001520    0x10  stm32f10x_iwdg.o [1]
  .text              ro code  0x08001530   0x204  stm32f10x_rcc.o [1]
  .text              ro code  0x08001734   0x136  stm32f10x_gpio.o [1]
  .text              ro code  0x0800186c    0x88  misc.o [1]
  .text              ro code  0x080018f4   0x132  stm32f10x_i2c.o [1]
  .text              ro code  0x08001a28     0xc  stm32f10x_pwr.o [1]
  .text              ro code  0x08001a34    0x60  stm32f10x_bkp.o [1]
  .text              ro code  0x08001a94    0x88  stm32f10x_rtc.o [1]
  .text              ro code  0x08001b1c    0xd4  DblAdd.o [4]
  .text              ro code  0x08001bf0   0x41e  LCD.o [1]
  .text              ro code  0x08002010   0x158  system_stm32f10x.o [1]
  .text              ro code  0x08002168   0x14c  I2C.o [1]
  .text              ro code  0x080022b4   0x100  USART.o [1]
  .text              ro code  0x080023b4    0x4c  stm32f10x_dma.o [1]
  .text              ro code  0x08002400    0x54  stm32f10x_it.o [1]
  .text              ro code  0x08002454    0x48  debug.o [1]
  .text              ro code  0x0800249c    0x40  zero_init3.o [5]
  .text              ro code  0x080024dc    0x2c  copy_init3.o [5]
  .text              ro code  0x08002508    0x28  data_init.o [5]
  Initializer bytes  const    0x08002530    0x24  <for P2-1>
  .iar.init_table    const    0x08002554    0x24  - Linker created -
  .text              ro code  0x08002578    0x1a  cmain.o [5]
  .text              ro code  0x08002592     0x4  low_level_init.o [3]
  .text              ro code  0x08002596     0x4  exit.o [3]
  .text              ro code  0x0800259c     0xa  cexit.o [5]
  .text              ro code  0x080025a8    0x14  exit.o [6]
  .rodata            const    0x080025bc    0x10  debug.o [1]
  .text              ro code  0x080025cc    0x10  startup_stm32f10x_md.o [1]
  .rodata            const    0x080025dc     0xc  main.o [1]
  .text              ro code  0x080025e8     0xc  cstartup_M.o [5]
  .rodata            const    0x080025f4     0x8  tasks.o [1]
  .text              ro code  0x080025fc     0x4  startup_stm32f10x_md.o [1]
  .text              ro code  0x08002600     0x4  startup_stm32f10x_md.o [1]
  .text              ro code  0x08002604     0x4  startup_stm32f10x_md.o [1]
  .text              ro code  0x08002608     0x4  startup_stm32f10x_md.o [1]
  .text              ro code  0x0800260c     0x4  startup_stm32f10x_md.o [1]
  .text              ro code  0x08002610     0x4  startup_stm32f10x_md.o [1]
  .text              ro code  0x08002614     0x4  startup_stm32f10x_md.o [1]
  .text              ro code  0x08002618     0x4  startup_stm32f10x_md.o [1]
  .text              ro code  0x0800261c     0x4  startup_stm32f10x_md.o [1]
  .text              ro code  0x08002620     0x4  startup_stm32f10x_md.o [1]
  .text              ro code  0x08002624     0x4  startup_stm32f10x_md.o [1]
  .text              ro code  0x08002628     0x4  startup_stm32f10x_md.o [1]
  .text              ro code  0x0800262c     0x4  startup_stm32f10x_md.o [1]
  .text              ro code  0x08002630     0x4  startup_stm32f10x_md.o [1]
  .text              ro code  0x08002634     0x4  startup_stm32f10x_md.o [1]
  .text              ro code  0x08002638     0x4  startup_stm32f10x_md.o [1]
  .text              ro code  0x0800263c     0x4  startup_stm32f10x_md.o [1]
  .text              ro code  0x08002640     0x4  startup_stm32f10x_md.o [1]
  .text              ro code  0x08002644     0x4  startup_stm32f10x_md.o [1]
  .text              ro code  0x08002648     0x4  startup_stm32f10x_md.o [1]
  .text              ro code  0x0800264c     0x4  startup_stm32f10x_md.o [1]
  .text              ro code  0x08002650     0x4  startup_stm32f10x_md.o [1]
  .text              ro code  0x08002654     0x4  startup_stm32f10x_md.o [1]
  .text              ro code  0x08002658     0x4  startup_stm32f10x_md.o [1]
  .text              ro code  0x0800265c     0x4  startup_stm32f10x_md.o [1]
  .text              ro code  0x08002660     0x4  startup_stm32f10x_md.o [1]
  .text              ro code  0x08002664     0x4  startup_stm32f10x_md.o [1]
  .text              ro code  0x08002668     0x4  startup_stm32f10x_md.o [1]
  .text              ro code  0x0800266c     0x4  startup_stm32f10x_md.o [1]
  .text              ro code  0x08002670     0x4  startup_stm32f10x_md.o [1]
  .text              ro code  0x08002674     0x4  startup_stm32f10x_md.o [1]
  .text              ro code  0x08002678     0x4  startup_stm32f10x_md.o [1]
  .text              ro code  0x0800267c     0x4  startup_stm32f10x_md.o [1]
  .text              ro code  0x08002680     0x4  startup_stm32f10x_md.o [1]
  .text              ro code  0x08002684     0x4  startup_stm32f10x_md.o [1]
  .text              ro code  0x08002688     0x4  startup_stm32f10x_md.o [1]
  .text              ro code  0x0800268c     0x4  startup_stm32f10x_md.o [1]
  .text              ro code  0x08002690     0x4  startup_stm32f10x_md.o [1]
  .rodata            const    0x08002694     0x0  zero_init3.o [5]
  .rodata            const    0x08002694     0x0  copy_init3.o [5]
                            - 0x08002694  0x25a8

"P2", part 1 of 3:                          0x24
  P2-1                        0x20000000    0x21  <Init block>
    .data            inited   0x20000000     0x4  port.o [1]
    .data            inited   0x20000004    0x10  stm32f10x_rcc.o [1]
    .data            inited   0x20000014     0x4  stm32f10x_rcc.o [1]
    .data            inited   0x20000018     0x4  system_stm32f10x.o [1]
    .data            inited   0x2000001c     0x4  tasks.o [1]
    .data            inited   0x20000020     0x1  LCD.o [1]
                            - 0x20000021    0x21

"P2", part 2 of 3:                         0x400
  CSTACK                      0x20000028   0x400  <Block>
    CSTACK           uninit   0x20000028   0x400  <Block tail>
                            - 0x20000428   0x400

"P2", part 3 of 3:                        0x159c
  .bss               zero     0x20000428  0x1400  heap_1.o [1]
  .bss               zero     0x20001828    0x64  tasks.o [1]
  .bss               zero     0x2000188c    0x40  main.o [1]
  .bss               zero     0x200018cc    0x40  main.o [1]
  .bss               zero     0x2000190c    0x14  tasks.o [1]
  .bss               zero     0x20001920    0x14  tasks.o [1]
  .bss               zero     0x20001934    0x14  tasks.o [1]
  .bss               zero     0x20001948    0x14  tasks.o [1]
  .bss               zero     0x2000195c    0x14  tasks.o [1]
  .bss               zero     0x20001970     0x4  heap_1.o [1]
  .bss               zero     0x20001974     0x4  heap_1.o [1]
  .bss               zero     0x20001978     0x4  main.o [1]
  .bss               zero     0x2000197c     0x4  main.o [1]
  .bss               zero     0x20001980     0x4  main.o [1]
  .bss               zero     0x20001984     0x4  tasks.o [1]
  .bss               zero     0x20001988     0x4  tasks.o [1]
  .bss               zero     0x2000198c     0x4  tasks.o [1]
  .bss               zero     0x20001990     0x4  tasks.o [1]
  .bss               zero     0x20001994     0x4  tasks.o [1]
  .bss               zero     0x20001998     0x4  tasks.o [1]
  .bss               zero     0x2000199c     0x4  tasks.o [1]
  .bss               zero     0x200019a0     0x4  tasks.o [1]
  .bss               zero     0x200019a4     0x4  tasks.o [1]
  .bss               zero     0x200019a8     0x4  tasks.o [1]
  .bss               zero     0x200019ac     0x4  tasks.o [1]
  .bss               zero     0x200019b0     0x4  tasks.o [1]
  .bss               zero     0x200019b4     0x4  tasks.o [1]
  .bss               zero     0x200019b8     0x4  tasks.o [1]
  .bss               zero     0x200019bc     0x2  I2C.o [1]
  .bss               zero     0x200019be     0x2  I2C.o [1]
  .bss               zero     0x200019c0     0x1  I2C.o [1]
  .bss               zero     0x200019c1     0x1  LCD.o [1]
  .bss               zero     0x200019c2     0x1  LCD.o [1]
  .bss               zero     0x200019c3     0x1  USART.o [1]
                            - 0x200019c4  0x159c


*******************************************************************************
*** INIT TABLE
***

          Address     Size
          -------     ----
Zero (__iar_zero_init3)
    1 destination range, total size 0x159c:
          0x20000428  0x159c

Copy (__iar_copy_init3)
    1 source range, total size 0x24 (109% of destination):
          0x08002530    0x24
    1 destination range, total size 0x21:
          0x20000000    0x21



*******************************************************************************
*** MODULE SUMMARY
***

    Module                  ro code  ro data  rw data
    ------                  -------  -------  -------
D:\Home Project\Weather-Station\Table Clock\STM32F103C8 (ROM 64kB, RAM 20kB)\Obj: [1]
    I2C.o                       332                 5
    LCD.o                     1 054        1        3
    USART.o                     256                 1
    cmsis_os.o                  122
    debug.o                      72       16
    heap_1.o                    128             5 128
    list.o                      158
    main.o                      236       12      140
    misc.o                      136
    platform_config.o           462
    port.o                      236        4        4
    portasm.o                   144
    rtc.o                       208
    startup_stm32f10x_md.o      404
    stm32f10x_bkp.o              96
    stm32f10x_dma.o              76
    stm32f10x_gpio.o            310
    stm32f10x_i2c.o             306
    stm32f10x_it.o               84
    stm32f10x_iwdg.o             16
    stm32f10x_pwr.o              12
    stm32f10x_rcc.o             516       20       20
    stm32f10x_rtc.o             136
    system_stm32f10x.o          344        4        4
    tasks.o                   1 776       12      260
    -------------------------------------------------
    Total:                    7 620       69    5 565

command line: [2]
    -------------------------------------------------
    Total:

dl7M_tln.a: [3]
    exit.o                        4
    low_level_init.o              4
    -------------------------------------------------
    Total:                        8

m7M_tl.a: [4]
    DblAdd.o                    212
    DblDiv.o                    598
    DblMul.o                    418
    DblSub.o                    384
    DblToI32.o                   76
    FltToDbl.o                   78
    I32ToFlt.o                   30
    -------------------------------------------------
    Total:                    1 796

rt7M_tl.a: [5]
    ABImemset.o                 102
    cexit.o                      10
    cmain.o                      26
    copy_init3.o                 44
    cstartup_M.o                 12
    data_init.o                  40
    zero_init3.o                 64
    -------------------------------------------------
    Total:                      298

shb_l.a: [6]
    exit.o                       20
    -------------------------------------------------
    Total:                       20

    Gaps                         26
    Linker created                        39    1 024
-----------------------------------------------------
    Grand Total:              9 768      108    6 589


*******************************************************************************
*** ENTRY LIST
***

Entry                      Address    Size  Type      Object
-----                      -------    ----  ----      ------
.iar.init_table$$Base   0x08002554           --   Gb  - Linker created -
.iar.init_table$$Limit  0x08002578           --   Gb  - Linker created -
?main                   0x08002579          Code  Gb  cmain.o [5]
ADCPrescTable           0x20000014     0x4  Data  Lc  stm32f10x_rcc.o [1]
APBAHBPrescTable        0x20000004    0x10  Data  Lc  stm32f10x_rcc.o [1]
Address                 0x200019c0     0x1  Data  Gb  I2C.o [1]
BKP_ClearFlag           0x08001a7d     0xe  Code  Gb  stm32f10x_bkp.o [1]
BKP_DeInit              0x08001a35    0x10  Code  Gb  stm32f10x_bkp.o [1]
BKP_ReadBackupRegister  0x08001a61    0x1c  Code  Gb  stm32f10x_bkp.o [1]
BKP_WriteBackupRegister
                        0x08001a45    0x1c  Code  Gb  stm32f10x_bkp.o [1]
BufferI2C_Rx1           0x2000188c    0x40  Data  Gb  main.o [1]
BufferI2C_Tx1           0x200018cc    0x40  Data  Gb  main.o [1]
BusFault_Handler        0x0800243f     0x2  Code  Gb  stm32f10x_it.o [1]
CSTACK$$Base            0x20000028           --   Gb  - Linker created -
CSTACK$$Limit           0x20000428           --   Gb  - Linker created -
CurrentTaskHandle       0x20001978     0x4  Data  Gb  main.o [1]
DMA1_Channel3_IRQHandler
                        0x080022b5    0x58  Code  Gb  USART.o [1]
DMA1_Channel5_IRQHandler
                        0x08002365    0x3c  Code  Gb  USART.o [1]
DMA1_Channel6_IRQHandler
                        0x0800230d    0x58  Code  Gb  USART.o [1]
DMA_ClearITPendingBit   0x080023df    0x10  Code  Gb  stm32f10x_dma.o [1]
DMA_GetITStatus         0x080023b5    0x2a  Code  Gb  stm32f10x_dma.o [1]
DebugMon_Handler        0x08002443     0x2  Code  Gb  stm32f10x_it.o [1]
DelayLcd                0x08001ff9    0x16  Code  Gb  LCD.o [1]
GPIO_Init               0x08001735   0x136  Code  Gb  stm32f10x_gpio.o [1]
HardFault_Handler       0x08002417    0x18  Code  Gb  stm32f10x_it.o [1]
I2C1ErIrq               0x0800221f    0x72  Code  Gb  I2C.o [1]
I2C1EvIrq               0x08002169    0xb6  Code  Gb  I2C.o [1]
I2C1_ER_IRQHandler      0x0800244d     0x8  Code  Gb  stm32f10x_it.o [1]
I2C1_EV_IRQHandler      0x08002445     0x8  Code  Gb  stm32f10x_it.o [1]
I2C_Cmd                 0x080019f5    0x1c  Code  Gb  stm32f10x_i2c.o [1]
I2C_ITConfig            0x08001a11    0x16  Code  Gb  stm32f10x_i2c.o [1]
I2C_Init                0x080018f5    0xf2  Code  Gb  stm32f10x_i2c.o [1]
I2C_Interrupt_Config    0x08000c59    0x80  Code  Gb  platform_config.o [1]
IWDG_ReloadCounter      0x08001521     0xa  Code  Gb  stm32f10x_iwdg.o [1]
InitBKP                 0x08000d79    0x22  Code  Gb  platform_config.o [1]
InitGPIO                0x08000be1    0x78  Code  Gb  platform_config.o [1]
InitI2C                 0x08000cd9    0x8c  Code  Gb  platform_config.o [1]
LCD_Clear               0x08001fe5    0x14  Code  Gb  LCD.o [1]
LCD_Init                0x08001c0d   0x16c  Code  Gb  LCD.o [1]
LCD_Send_CHAR           0x08001e3d    0xc4  Code  Gb  LCD.o [1]
LCD_Send_CMD            0x08001d79    0xc4  Code  Gb  LCD.o [1]
LCD_Send_STR            0x08001f01    0xcc  Code  Gb  LCD.o [1]
LCD_Send_STR::nim_line_lcd
                        0x20000020     0x1  Data  Lc  LCD.o [1]
LCD_Send_STR::pointer_lcd
                        0x200019c1     0x1  Data  Lc  LCD.o [1]
LCD_Send_STR::total_size_lcd
                        0x200019c2     0x1  Data  Lc  LCD.o [1]
MemManage_Handler       0x0800243d     0x2  Code  Gb  stm32f10x_it.o [1]
NMI_Handler             0x08002401    0x16  Code  Gb  stm32f10x_it.o [1]
NVIC_EnableIRQ          0x08000bcd    0x14  Code  Lc  platform_config.o [1]
NVIC_Init               0x08001877    0x68  Code  Gb  misc.o [1]
NVIC_PriorityGroupConfig
                        0x0800186d     0xa  Code  Gb  misc.o [1]
PWR_BackupAccessCmd     0x08001a29     0x8  Code  Gb  stm32f10x_pwr.o [1]
PendSV_Handler          0x08000969          Code  Gb  portasm.o [1]
RCC_APB1PeriphClockCmd  0x0800166b    0x1e  Code  Gb  stm32f10x_rcc.o [1]
RCC_APB1PeriphResetCmd  0x08001689    0x1e  Code  Gb  stm32f10x_rcc.o [1]
RCC_APB2PeriphClockCmd  0x0800164d    0x1e  Code  Gb  stm32f10x_rcc.o [1]
RCC_BackupResetCmd      0x080016a7     0x8  Code  Gb  stm32f10x_rcc.o [1]
RCC_GetClocksFreq       0x08001571    0xdc  Code  Gb  stm32f10x_rcc.o [1]
RCC_GetFlagStatus       0x080016af    0x52  Code  Gb  stm32f10x_rcc.o [1]
RCC_LSEConfig           0x08001531    0x2c  Code  Gb  stm32f10x_rcc.o [1]
RCC_RTCCLKCmd           0x08001569     0x8  Code  Gb  stm32f10x_rcc.o [1]
RCC_RTCCLKConfig        0x0800155d     0xc  Code  Gb  stm32f10x_rcc.o [1]
RTC_EnterConfigMode     0x08001a95     0xe  Code  Gb  stm32f10x_rtc.o [1]
RTC_ExitConfigMode      0x08001aa3    0x10  Code  Gb  stm32f10x_rtc.o [1]
RTC_SetCounter          0x08001ab3    0x18  Code  Gb  stm32f10x_rtc.o [1]
RTC_SetPrescaler        0x08001acb    0x1c  Code  Gb  stm32f10x_rtc.o [1]
RTC_WaitForLastTask     0x08001ae7     0xa  Code  Gb  stm32f10x_rtc.o [1]
RTC_WaitForSynchro      0x08001af1    0x18  Code  Gb  stm32f10x_rtc.o [1]
Region$$Table$$Base     0x08002554           --   Gb  - Linker created -
Region$$Table$$Limit    0x08002578           --   Gb  - Linker created -
Rx_Idx1                 0x200019be     0x2  Data  Gb  I2C.o [1]
SVC_Handler             0x080009bb          Code  Gb  portasm.o [1]
SetSysClock             0x08002065     0x8  Code  Lc  system_stm32f10x.o [1]
SetSysClockTo72         0x0800206d    0xe0  Code  Lc  system_stm32f10x.o [1]
SysTick_Handler         0x08000875    0x1e  Code  Gb  port.o [1]
SystemCoreClock         0x20000018     0x4  Data  Gb  system_stm32f10x.o [1]
SystemInit              0x08002011    0x54  Code  Gb  system_stm32f10x.o [1]
Tx_Idx1                 0x200019bc     0x2  Data  Gb  I2C.o [1]
UsageFault_Handler      0x08002441     0x2  Code  Gb  stm32f10x_it.o [1]
_E                      0x08001bf1    0x1c  Code  Gb  LCD.o [1]
__aeabi_d2iz            0x080014d5          Code  Gb  DblToI32.o [4]
__aeabi_ddiv            0x080010fd          Code  Gb  DblDiv.o [4]
__aeabi_dmul            0x08000f59          Code  Gb  DblMul.o [4]
__aeabi_dsub            0x08001355          Code  Gb  DblSub.o [4]
__aeabi_f2d             0x08000f09          Code  Gb  FltToDbl.o [4]
__aeabi_memset          0x08000b65          Code  Gb  ABImemset.o [5]
__aeabi_ui2f            0x08000ee9          Code  Gb  I32ToFlt.o [4]
__cmain                 0x08002579          Code  Gb  cmain.o [5]
__exit                  0x080025a9    0x14  Code  Gb  exit.o [6]
__iar_Memset            0x08000b65          Code  Gb  ABImemset.o [5]
__iar_Memset_word       0x08000b6d          Code  Gb  ABImemset.o [5]
__iar_copy_init3        0x080024dd    0x2c  Code  Gb  copy_init3.o [5]
__iar_d2uiz             0x08001501          Code  Gb  DblToI32.o [4]
__iar_dadd              0x08001b1d          Code  Gb  DblAdd.o [4]
__iar_data_init3        0x08002509    0x28  Code  Gb  data_init.o [5]
__iar_dsub              0x08001369          Code  Gb  DblSub.o [4]
__iar_dsubStart         0x0800137b          Code  Gb  DblSub.o [4]
__iar_program_start     0x080025e9          Code  Gb  cstartup_M.o [5]
__iar_ui2f              0x08000eed          Code  Gb  I32ToFlt.o [4]
__iar_zero_init3        0x0800249d    0x40  Code  Gb  zero_init3.o [5]
__low_level_init        0x08002593     0x4  Code  Gb  low_level_init.o [3]
__vector_table          0x08000000          Data  Gb  startup_stm32f10x_md.o [1]
_call_main              0x08002585          Code  Gb  cmain.o [5]
_exit                   0x0800259d          Code  Gb  cexit.o [5]
_main                   0x0800258f          Code  Gb  cmain.o [5]
bGPS_Buffer_Data_Full_Half
                        0x200019c3     0x1  Data  Gb  USART.o [1]
exit                    0x08002597     0x4  Code  Gb  exit.o [3]
main                    0x080009f9    0x40  Code  Gb  main.o [1]
makeFreeRtosPriority    0x08000e6d    0x12  Code  Lc  cmsis_os.o [1]
osDelay                 0x08000ecb    0x1c  Code  Gb  cmsis_os.o [1]
osKernelStart           0x08000e7f    0x1a  Code  Gb  cmsis_os.o [1]
osThreadCreate          0x08000e99    0x32  Code  Gb  cmsis_os.o [1]
pNameCurrentTask        0x2000197c     0x4  Data  Gb  main.o [1]
pcTaskGetTaskName       0x0800039f    0x14  Code  Gb  tasks.o [1]
prvAddCurrentTaskToDelayedList
                        0x08000679    0x3e  Code  Lc  tasks.o [1]
prvAllocateTCBAndStack  0x080006cd    0x54  Code  Lc  tasks.o [1]
prvCheckTasksWaitingTermination
                        0x08000621    0x58  Code  Lc  tasks.o [1]
prvDeleteTCB            0x0800075d    0x12  Code  Lc  tasks.o [1]
prvIdleTask             0x08000541    0x1c  Code  Lc  tasks.o [1]
prvInitialiseTCBVariables
                        0x0800055d    0x5e  Code  Lc  tasks.o [1]
prvInitialiseTaskLists  0x080005bb    0x56  Code  Lc  tasks.o [1]
prvResetNextTaskUnblockTime
                        0x0800076f    0x26  Code  Lc  tasks.o [1]
prvTaskCheckFreeStackSpace
                        0x08000721    0x16  Code  Lc  tasks.o [1]
prvTaskExitError        0x080007f9     0x8  Code  Lc  port.o [1]
pvPortMalloc            0x08000ae5    0x66  Code  Gb  heap_1.o [1]
pvPortMalloc::pucAlignedHeap
                        0x20001974     0x4  Data  Lc  heap_1.o [1]
pxCurrentTCB            0x20001984     0x4  Data  Gb  tasks.o [1]
pxDelayedTaskList       0x20001988     0x4  Data  Lc  tasks.o [1]
pxOverflowDelayedTaskList
                        0x2000198c     0x4  Data  Lc  tasks.o [1]
pxPortInitialiseStack   0x080007dd    0x1c  Code  Gb  port.o [1]
pxReadyTasksLists       0x20001828    0x64  Data  Lc  tasks.o [1]
rtc_init                0x08000d9d    0xc6  Code  Gb  rtc.o [1]
ucHeap                  0x20000428  0x1400  Data  Lc  heap_1.o [1]
ulPortSetInterruptMask  0x080009a7          Code  Gb  portasm.o [1]
uxCriticalNesting       0x20000000     0x4  Data  Lc  port.o [1]
uxCurrentNumberOfTasks  0x20001998     0x4  Data  Lc  tasks.o [1]
uxListRemove            0x0800093f    0x28  Code  Gb  list.o [1]
uxPendedTicks           0x200019a8     0x4  Data  Lc  tasks.o [1]
uxSchedulerSuspended    0x200019b8     0x4  Data  Lc  tasks.o [1]
uxTaskGetStackHighWaterMark
                        0x08000737    0x20  Code  Gb  tasks.o [1]
uxTaskNumber            0x200019b4     0x4  Data  Lc  tasks.o [1]
uxTasksDeleted          0x20001990     0x4  Data  Lc  tasks.o [1]
uxTopReadyPriority      0x200019a0     0x4  Data  Lc  tasks.o [1]
vApplicationIdleHook    0x08000a39    0x9a  Code  Gb  main.o [1]
vDebugTask              0x08002455    0x48  Code  Gb  debug.o [1]
vListInitialise         0x080008c9    0x1e  Code  Gb  list.o [1]
vListInitialiseItem     0x080008e7     0x6  Code  Gb  list.o [1]
vListInsert             0x08000905    0x3a  Code  Gb  list.o [1]
vListInsertEnd          0x080008ed    0x18  Code  Gb  list.o [1]
vPortClearInterruptMask
                        0x080009b5          Code  Gb  portasm.o [1]
vPortEnterCritical      0x0800083f    0x1a  Code  Gb  port.o [1]
vPortExitCritical       0x08000859    0x1c  Code  Gb  port.o [1]
vPortFree               0x08000b4b     0x2  Code  Gb  heap_1.o [1]
vPortSetupTimerInterrupt
                        0x08000893    0x1a  Code  Wk  port.o [1]
vPortStartFirstTask     0x080009db          Code  Gb  portasm.o [1]
vPortYield              0x0800082d    0x12  Code  Gb  port.o [1]
vTaskDelay              0x08000223    0x3a  Code  Gb  tasks.o [1]
vTaskStartScheduler     0x0800025d    0x44  Code  Gb  tasks.o [1]
vTaskSuspendAll         0x080002a1    0x10  Code  Gb  tasks.o [1]
vTaskSwitchContext      0x080004d3    0x6c  Code  Gb  tasks.o [1]
xDelayedTaskList1       0x2000190c    0x14  Data  Lc  tasks.o [1]
xDelayedTaskList2       0x20001920    0x14  Data  Lc  tasks.o [1]
xHandleDebugTask        0x20001980     0x4  Data  Gb  main.o [1]
xIdleTaskHandle         0x20001994     0x4  Data  Lc  tasks.o [1]
xNextFreeByte           0x20001970     0x4  Data  Lc  heap_1.o [1]
xNextTaskUnblockTime    0x2000001c     0x4  Data  Lc  tasks.o [1]
xNumOfOverflows         0x200019b0     0x4  Data  Lc  tasks.o [1]
xPendingReadyList       0x20001934    0x14  Data  Lc  tasks.o [1]
xPortGetFreeHeapSize    0x08000b4d     0xc  Code  Gb  heap_1.o [1]
xPortStartScheduler     0x08000801    0x2c  Code  Gb  port.o [1]
xSchedulerRunning       0x200019a4     0x4  Data  Lc  tasks.o [1]
xSuspendedTaskList      0x2000195c    0x14  Data  Lc  tasks.o [1]
xTaskGenericCreate      0x080000ed   0x136  Code  Gb  tasks.o [1]
xTaskGetCurrentTaskHandle
                        0x08000795     0x8  Code  Gb  tasks.o [1]
xTaskGetTickCount       0x08000389    0x16  Code  Gb  tasks.o [1]
xTaskIncrementTick      0x080003b3   0x120  Code  Gb  tasks.o [1]
xTaskResumeAll          0x080002b1    0xd8  Code  Gb  tasks.o [1]
xTasksWaitingTermination
                        0x20001948    0x14  Data  Lc  tasks.o [1]
xTickCount              0x2000199c     0x4  Data  Lc  tasks.o [1]
xYieldPending           0x200019ac     0x4  Data  Lc  tasks.o [1]


[1] = D:\Home Project\Weather-Station\Table Clock\STM32F103C8 (ROM 64kB, RAM 20kB)\Obj
[2] = command line
[3] = dl7M_tln.a
[4] = m7M_tl.a
[5] = rt7M_tl.a
[6] = shb_l.a

  9 768 bytes of readonly  code memory
    108 bytes of readonly  data memory
  6 589 bytes of readwrite data memory

Errors: none
Warnings: none
