###############################################################################
#
# IAR ELF Linker V7.60.1.11101/W32 for ARM                16/Sep/2016  11:45:25
# Copyright 2007-2016 IAR Systems AB.
#
#    Output file  =  
#        C:\Home Project\Radiomonitoring\RadiomonitorMaster\STM32F103RB (ROM
#        128kB, RAM 20kB)\Exe\debug.out
#    Map file     =  
#        C:\Home Project\Radiomonitoring\RadiomonitorMaster\STM32F103RB (ROM
#        128kB, RAM 20kB)\List\debug.map
#    Command line =  
#        "C:\Home Project\Radiomonitoring\RadiomonitorMaster\STM32F103RB (ROM
#        128kB, RAM 20kB)\Obj\calendar.o" "C:\Home
#        Project\Radiomonitoring\RadiomonitorMaster\STM32F103RB (ROM 128kB, RAM
#        20kB)\Obj\cmsis_os.o" "C:\Home
#        Project\Radiomonitoring\RadiomonitorMaster\STM32F103RB (ROM 128kB, RAM
#        20kB)\Obj\croutine.o" "C:\Home
#        Project\Radiomonitoring\RadiomonitorMaster\STM32F103RB (ROM 128kB, RAM
#        20kB)\Obj\debug.o" "C:\Home
#        Project\Radiomonitoring\RadiomonitorMaster\STM32F103RB (ROM 128kB, RAM
#        20kB)\Obj\event_groups.o" "C:\Home
#        Project\Radiomonitoring\RadiomonitorMaster\STM32F103RB (ROM 128kB, RAM
#        20kB)\Obj\heap_1.o" "C:\Home
#        Project\Radiomonitoring\RadiomonitorMaster\STM32F103RB (ROM 128kB, RAM
#        20kB)\Obj\hw_config.o" "C:\Home
#        Project\Radiomonitoring\RadiomonitorMaster\STM32F103RB (ROM 128kB, RAM
#        20kB)\Obj\list.o" "C:\Home
#        Project\Radiomonitoring\RadiomonitorMaster\STM32F103RB (ROM 128kB, RAM
#        20kB)\Obj\main.o" "C:\Home
#        Project\Radiomonitoring\RadiomonitorMaster\STM32F103RB (ROM 128kB, RAM
#        20kB)\Obj\misc.o" "C:\Home
#        Project\Radiomonitoring\RadiomonitorMaster\STM32F103RB (ROM 128kB, RAM
#        20kB)\Obj\platform_config.o" "C:\Home
#        Project\Radiomonitoring\RadiomonitorMaster\STM32F103RB (ROM 128kB, RAM
#        20kB)\Obj\port.o" "C:\Home
#        Project\Radiomonitoring\RadiomonitorMaster\STM32F103RB (ROM 128kB, RAM
#        20kB)\Obj\portasm.o" "C:\Home
#        Project\Radiomonitoring\RadiomonitorMaster\STM32F103RB (ROM 128kB, RAM
#        20kB)\Obj\queue.o" "C:\Home
#        Project\Radiomonitoring\RadiomonitorMaster\STM32F103RB (ROM 128kB, RAM
#        20kB)\Obj\rtc.o" "C:\Home
#        Project\Radiomonitoring\RadiomonitorMaster\STM32F103RB (ROM 128kB, RAM
#        20kB)\Obj\startup_stm32f10x_md.o" "C:\Home
#        Project\Radiomonitoring\RadiomonitorMaster\STM32F103RB (ROM 128kB, RAM
#        20kB)\Obj\stm32f10x_adc.o" "C:\Home
#        Project\Radiomonitoring\RadiomonitorMaster\STM32F103RB (ROM 128kB, RAM
#        20kB)\Obj\stm32f10x_bkp.o" "C:\Home
#        Project\Radiomonitoring\RadiomonitorMaster\STM32F103RB (ROM 128kB, RAM
#        20kB)\Obj\stm32f10x_can.o" "C:\Home
#        Project\Radiomonitoring\RadiomonitorMaster\STM32F103RB (ROM 128kB, RAM
#        20kB)\Obj\stm32f10x_cec.o" "C:\Home
#        Project\Radiomonitoring\RadiomonitorMaster\STM32F103RB (ROM 128kB, RAM
#        20kB)\Obj\stm32f10x_crc.o" "C:\Home
#        Project\Radiomonitoring\RadiomonitorMaster\STM32F103RB (ROM 128kB, RAM
#        20kB)\Obj\stm32f10x_dac.o" "C:\Home
#        Project\Radiomonitoring\RadiomonitorMaster\STM32F103RB (ROM 128kB, RAM
#        20kB)\Obj\stm32f10x_dbgmcu.o" "C:\Home
#        Project\Radiomonitoring\RadiomonitorMaster\STM32F103RB (ROM 128kB, RAM
#        20kB)\Obj\stm32f10x_dma.o" "C:\Home
#        Project\Radiomonitoring\RadiomonitorMaster\STM32F103RB (ROM 128kB, RAM
#        20kB)\Obj\stm32f10x_exti.o" "C:\Home
#        Project\Radiomonitoring\RadiomonitorMaster\STM32F103RB (ROM 128kB, RAM
#        20kB)\Obj\stm32f10x_flash.o" "C:\Home
#        Project\Radiomonitoring\RadiomonitorMaster\STM32F103RB (ROM 128kB, RAM
#        20kB)\Obj\stm32f10x_fsmc.o" "C:\Home
#        Project\Radiomonitoring\RadiomonitorMaster\STM32F103RB (ROM 128kB, RAM
#        20kB)\Obj\stm32f10x_gpio.o" "C:\Home
#        Project\Radiomonitoring\RadiomonitorMaster\STM32F103RB (ROM 128kB, RAM
#        20kB)\Obj\stm32f10x_i2c.o" "C:\Home
#        Project\Radiomonitoring\RadiomonitorMaster\STM32F103RB (ROM 128kB, RAM
#        20kB)\Obj\stm32f10x_it.o" "C:\Home
#        Project\Radiomonitoring\RadiomonitorMaster\STM32F103RB (ROM 128kB, RAM
#        20kB)\Obj\stm32f10x_iwdg.o" "C:\Home
#        Project\Radiomonitoring\RadiomonitorMaster\STM32F103RB (ROM 128kB, RAM
#        20kB)\Obj\stm32f10x_pwr.o" "C:\Home
#        Project\Radiomonitoring\RadiomonitorMaster\STM32F103RB (ROM 128kB, RAM
#        20kB)\Obj\stm32f10x_rcc.o" "C:\Home
#        Project\Radiomonitoring\RadiomonitorMaster\STM32F103RB (ROM 128kB, RAM
#        20kB)\Obj\stm32f10x_rtc.o" "C:\Home
#        Project\Radiomonitoring\RadiomonitorMaster\STM32F103RB (ROM 128kB, RAM
#        20kB)\Obj\stm32f10x_sdio.o" "C:\Home
#        Project\Radiomonitoring\RadiomonitorMaster\STM32F103RB (ROM 128kB, RAM
#        20kB)\Obj\stm32f10x_spi.o" "C:\Home
#        Project\Radiomonitoring\RadiomonitorMaster\STM32F103RB (ROM 128kB, RAM
#        20kB)\Obj\stm32f10x_tim.o" "C:\Home
#        Project\Radiomonitoring\RadiomonitorMaster\STM32F103RB (ROM 128kB, RAM
#        20kB)\Obj\stm32f10x_usart.o" "C:\Home
#        Project\Radiomonitoring\RadiomonitorMaster\STM32F103RB (ROM 128kB, RAM
#        20kB)\Obj\stm32f10x_wwdg.o" "C:\Home
#        Project\Radiomonitoring\RadiomonitorMaster\STM32F103RB (ROM 128kB, RAM
#        20kB)\Obj\system_stm32f10x.o" "C:\Home
#        Project\Radiomonitoring\RadiomonitorMaster\STM32F103RB (ROM 128kB, RAM
#        20kB)\Obj\tasks.o" "C:\Home
#        Project\Radiomonitoring\RadiomonitorMaster\STM32F103RB (ROM 128kB, RAM
#        20kB)\Obj\timers.o" "C:\Home
#        Project\Radiomonitoring\RadiomonitorMaster\STM32F103RB (ROM 128kB, RAM
#        20kB)\Obj\USART.o" "C:\Home
#        Project\Radiomonitoring\RadiomonitorMaster\STM32F103RB (ROM 128kB, RAM
#        20kB)\Obj\usb_core.o" "C:\Home
#        Project\Radiomonitoring\RadiomonitorMaster\STM32F103RB (ROM 128kB, RAM
#        20kB)\Obj\usb_desc.o" "C:\Home
#        Project\Radiomonitoring\RadiomonitorMaster\STM32F103RB (ROM 128kB, RAM
#        20kB)\Obj\usb_endp.o" "C:\Home
#        Project\Radiomonitoring\RadiomonitorMaster\STM32F103RB (ROM 128kB, RAM
#        20kB)\Obj\usb_init.o" "C:\Home
#        Project\Radiomonitoring\RadiomonitorMaster\STM32F103RB (ROM 128kB, RAM
#        20kB)\Obj\usb_int.o" "C:\Home
#        Project\Radiomonitoring\RadiomonitorMaster\STM32F103RB (ROM 128kB, RAM
#        20kB)\Obj\usb_istr.o" "C:\Home
#        Project\Radiomonitoring\RadiomonitorMaster\STM32F103RB (ROM 128kB, RAM
#        20kB)\Obj\usb_mem.o" "C:\Home
#        Project\Radiomonitoring\RadiomonitorMaster\STM32F103RB (ROM 128kB, RAM
#        20kB)\Obj\usb_prop.o" "C:\Home
#        Project\Radiomonitoring\RadiomonitorMaster\STM32F103RB (ROM 128kB, RAM
#        20kB)\Obj\usb_pwr.o" "C:\Home
#        Project\Radiomonitoring\RadiomonitorMaster\STM32F103RB (ROM 128kB, RAM
#        20kB)\Obj\usb_regs.o" "C:\Home
#        Project\Radiomonitoring\RadiomonitorMaster\STM32F103RB (ROM 128kB, RAM
#        20kB)\Obj\usb_sil.o" -o "C:\Home
#        Project\Radiomonitoring\RadiomonitorMaster\STM32F103RB (ROM 128kB, RAM
#        20kB)\Exe\debug.out" --redirect _Printf=_PrintfFull --redirect
#        _Scanf=_ScanfFull --map "C:\Home
#        Project\Radiomonitoring\RadiomonitorMaster\STM32F103RB (ROM 128kB, RAM
#        20kB)\List\debug.map" --config "C:\Home
#        Project\Radiomonitoring\RadiomonitorMaster\stm32f103xB.icf"
#        --semihosting --entry __iar_program_start --vfe
#
###############################################################################

*******************************************************************************
*** RUNTIME MODEL ATTRIBUTES
***

CppFlavor       = *
__SystemLibrary = DLib


*******************************************************************************
*** PLACEMENT SUMMARY
***

"A1":  place at 0x08000000 { ro section .intvec };
"P1":  place in [from 0x08000000 to 0x0801ffff] { ro };
"P2":  place in [from 0x20000000 to 0x20004fff] { rw, block CSTACK, block HEAP };
initialize by copy { rw };

  Section            Kind        Address    Size  Object
  -------            ----        -------    ----  ------
"A1":                                       0xec
  .intvec            ro code  0x08000000    0xec  startup_stm32f10x_md.o [1]
                            - 0x080000ec    0xec

"P1":                                     0x34c6
  .text              ro code  0x080000ec   0xcb6  usb_core.o [1]
  .text              ro code  0x08000da4   0x2d4  usb_regs.o [1]
  .text              ro code  0x08001078    0x6e  usb_mem.o [1]
  .text              ro code  0x080010e8   0x6f0  tasks.o [1]
  .text              ro code  0x080017d8    0xec  port.o [1]
  .text              ro code  0x080018c4    0x9e  list.o [1]
  CODE               ro code  0x08001964    0x90  portasm.o [1]
  .text              ro code  0x080019f4    0xf4  main.o [1]
  .text              ro code  0x08001ae8    0x80  heap_1.o [1]
  .text              ro code  0x08001b68    0x66  ABImemset.o [5]
  .text              ro code  0x08001bd0    0x56  platform_config.o [1]
  .text              ro code  0x08001c28   0x190  hw_config.o [1]
  .text              ro code  0x08001db8    0x40  usb_init.o [1]
  .text              ro code  0x08001df8    0x7a  cmsis_os.o [1]
  .text              ro code  0x08001e74    0x1e  I32ToFlt.o [4]
  .text              ro code  0x08001e94    0x4e  FltToDbl.o [4]
  .text              ro code  0x08001ee4   0x1a2  DblMul.o [4]
  .text              ro code  0x08002088   0x256  DblDiv.o [4]
  .text              ro code  0x080022e0   0x180  DblSub.o [4]
  .text              ro code  0x08002460    0x4c  DblToI32.o [4]
  .text              ro code  0x080024ac    0x10  stm32f10x_iwdg.o [1]
  .text              ro code  0x080024bc    0x50  stm32f10x_rcc.o [1]
  .text              ro code  0x0800250c   0x1d4  stm32f10x_gpio.o [1]
  .text              ro code  0x080026e0     0xc  stm32f10x_pwr.o [1]
  .text              ro code  0x080026ec    0x14  stm32f10x_bkp.o [1]
  .text              ro code  0x08002700    0xa4  stm32f10x_exti.o [1]
  .text              ro code  0x080027a4    0x88  misc.o [1]
  .text              ro code  0x0800282c    0xd4  DblAdd.o [4]
  .text              ro code  0x08002900   0x268  usb_prop.o [1]
  .text              ro code  0x08002b68    0x48  usb_pwr.o [1]
  .text              ro code  0x08002bb0    0x28  usb_sil.o [1]
  .text              ro code  0x08002bd8   0x250  usb_int.o [1]
  .text              ro code  0x08002e28   0x158  system_stm32f10x.o [1]
  .text              ro code  0x08002f80   0x100  USART.o [1]
  .text              ro code  0x08003080    0x4c  stm32f10x_dma.o [1]
  .text              ro code  0x080030cc    0x78  lz77_init_single.o [5]
  .text              ro code  0x08003144    0x64  debug.o [1]
  .text              ro code  0x080031a8    0x36  strlen.o [5]
  .text              ro code  0x080031e0    0x60  usb_istr.o [1]
  .text              ro code  0x08003240    0x58  stm32f10x_it.o [1]
  .rodata            const    0x08003298    0x44  usb_desc.o [1]
  .text              ro code  0x080032dc    0x40  usb_endp.o [1]
  .text              ro code  0x0800331c    0x40  zero_init3.o [5]
  .rodata            const    0x0800335c    0x34  usb_desc.o [1]
  .rodata            const    0x08003390    0x28  usb_desc.o [1]
  .text              ro code  0x080033b8    0x28  data_init.o [5]
  .iar.init_table    const    0x080033e0    0x20  - Linker created -
  .text              ro code  0x08003400    0x1a  cmain.o [5]
  .text              ro code  0x0800341a     0x4  low_level_init.o [3]
  .text              ro code  0x0800341e     0x4  exit.o [3]
  .text              ro code  0x08003424     0xa  cexit.o [5]
  .text              ro code  0x08003430    0x14  exit.o [6]
  .rodata            const    0x08003444    0x14  usb_desc.o [1]
  .text              ro code  0x08003458    0x10  startup_stm32f10x_md.o [1]
  .rodata            const    0x08003468     0xc  main.o [1]
  .text              ro code  0x08003474     0xc  cstartup_M.o [5]
  .rodata            const    0x08003480     0x8  tasks.o [1]
  .rodata            const    0x08003488     0x4  usb_desc.o [1]
  .text              ro code  0x0800348c     0x4  startup_stm32f10x_md.o [1]
  .text              ro code  0x08003490     0x4  startup_stm32f10x_md.o [1]
  .text              ro code  0x08003494     0x4  startup_stm32f10x_md.o [1]
  .text              ro code  0x08003498     0x4  startup_stm32f10x_md.o [1]
  .text              ro code  0x0800349c     0x4  startup_stm32f10x_md.o [1]
  .text              ro code  0x080034a0     0x4  startup_stm32f10x_md.o [1]
  .text              ro code  0x080034a4     0x4  startup_stm32f10x_md.o [1]
  .text              ro code  0x080034a8     0x4  startup_stm32f10x_md.o [1]
  .text              ro code  0x080034ac     0x4  startup_stm32f10x_md.o [1]
  .text              ro code  0x080034b0     0x4  startup_stm32f10x_md.o [1]
  .text              ro code  0x080034b4     0x4  startup_stm32f10x_md.o [1]
  .text              ro code  0x080034b8     0x4  startup_stm32f10x_md.o [1]
  .text              ro code  0x080034bc     0x4  startup_stm32f10x_md.o [1]
  .text              ro code  0x080034c0     0x4  startup_stm32f10x_md.o [1]
  .text              ro code  0x080034c4     0x4  startup_stm32f10x_md.o [1]
  .text              ro code  0x080034c8     0x4  startup_stm32f10x_md.o [1]
  .text              ro code  0x080034cc     0x4  startup_stm32f10x_md.o [1]
  .text              ro code  0x080034d0     0x4  startup_stm32f10x_md.o [1]
  .text              ro code  0x080034d4     0x4  startup_stm32f10x_md.o [1]
  .text              ro code  0x080034d8     0x4  startup_stm32f10x_md.o [1]
  .text              ro code  0x080034dc     0x4  startup_stm32f10x_md.o [1]
  .text              ro code  0x080034e0     0x4  startup_stm32f10x_md.o [1]
  .text              ro code  0x080034e4     0x4  startup_stm32f10x_md.o [1]
  .text              ro code  0x080034e8     0x4  startup_stm32f10x_md.o [1]
  .text              ro code  0x080034ec     0x4  startup_stm32f10x_md.o [1]
  .text              ro code  0x080034f0     0x4  startup_stm32f10x_md.o [1]
  .text              ro code  0x080034f4     0x4  startup_stm32f10x_md.o [1]
  .text              ro code  0x080034f8     0x4  startup_stm32f10x_md.o [1]
  .text              ro code  0x080034fc     0x4  startup_stm32f10x_md.o [1]
  .text              ro code  0x08003500     0x4  startup_stm32f10x_md.o [1]
  .text              ro code  0x08003504     0x4  startup_stm32f10x_md.o [1]
  .text              ro code  0x08003508     0x4  startup_stm32f10x_md.o [1]
  .text              ro code  0x0800350c     0x4  startup_stm32f10x_md.o [1]
  .text              ro code  0x08003510     0x4  startup_stm32f10x_md.o [1]
  .text              ro code  0x08003514     0x4  startup_stm32f10x_md.o [1]
  .text              ro code  0x08003518     0x4  startup_stm32f10x_md.o [1]
  .text              ro code  0x0800351c     0x4  startup_stm32f10x_md.o [1]
  .text              ro code  0x08003520     0x4  startup_stm32f10x_md.o [1]
  .rodata            const    0x08003524     0x0  zero_init3.o [5]
  .rodata            const    0x08003524     0x0  lz77_init_single.o [5]
  Initializer bytes  const    0x08003524    0x8e  <for P2-1>
                            - 0x080035b2  0x34c6

"P2", part 1 of 3:                          0xf0
  P2-1                        0x20000000    0xf0  <Init block>
    .data            inited   0x20000000     0x4  port.o [1]
    .data            inited   0x20000004     0x4  system_stm32f10x.o [1]
    .data            inited   0x20000008     0x4  tasks.o [1]
    .data            inited   0x2000000c    0x1c  usb_desc.o [1]
    .data            inited   0x20000028    0x1c  usb_istr.o [1]
    .data            inited   0x20000044    0x1c  usb_istr.o [1]
    .data            inited   0x20000060     0x8  usb_prop.o [1]
    .data            inited   0x20000068     0x4  usb_prop.o [1]
    .data            inited   0x2000006c    0x30  usb_prop.o [1]
    .data            inited   0x2000009c    0x24  usb_prop.o [1]
    .data            inited   0x200000c0     0x8  usb_prop.o [1]
    .data            inited   0x200000c8     0x8  usb_prop.o [1]
    .data            inited   0x200000d0    0x20  usb_prop.o [1]
                            - 0x200000f0    0xf0

"P2", part 2 of 3:                         0x400
  CSTACK                      0x200000f0   0x400  <Block>
    CSTACK           uninit   0x200000f0   0x400  <Block tail>
                            - 0x200004f0   0x400

"P2", part 3 of 3:                        0x159c
  .bss               zero     0x200004f0  0x1400  heap_1.o [1]
  .bss               zero     0x200018f0    0x64  tasks.o [1]
  .bss               zero     0x20001954    0x40  hw_config.o [1]
  .bss               zero     0x20001994    0x1c  usb_init.o [1]
  .bss               zero     0x200019b0    0x14  tasks.o [1]
  .bss               zero     0x200019c4    0x14  tasks.o [1]
  .bss               zero     0x200019d8    0x14  tasks.o [1]
  .bss               zero     0x200019ec    0x14  tasks.o [1]
  .bss               zero     0x20001a00    0x14  tasks.o [1]
  .bss               zero     0x20001a14     0x8  hw_config.o [1]
  .bss               zero     0x20001a1c     0x4  heap_1.o [1]
  .bss               zero     0x20001a20     0x4  heap_1.o [1]
  .bss               zero     0x20001a24     0x4  main.o [1]
  .bss               zero     0x20001a28     0x4  main.o [1]
  .bss               zero     0x20001a2c     0x4  main.o [1]
  .bss               zero     0x20001a30     0x4  tasks.o [1]
  .bss               zero     0x20001a34     0x4  tasks.o [1]
  .bss               zero     0x20001a38     0x4  tasks.o [1]
  .bss               zero     0x20001a3c     0x4  tasks.o [1]
  .bss               zero     0x20001a40     0x4  tasks.o [1]
  .bss               zero     0x20001a44     0x4  tasks.o [1]
  .bss               zero     0x20001a48     0x4  tasks.o [1]
  .bss               zero     0x20001a4c     0x4  tasks.o [1]
  .bss               zero     0x20001a50     0x4  tasks.o [1]
  .bss               zero     0x20001a54     0x4  tasks.o [1]
  .bss               zero     0x20001a58     0x4  tasks.o [1]
  .bss               zero     0x20001a5c     0x4  tasks.o [1]
  .bss               zero     0x20001a60     0x4  tasks.o [1]
  .bss               zero     0x20001a64     0x4  tasks.o [1]
  .bss               zero     0x20001a68     0x4  usb_core.o [1]
  .bss               zero     0x20001a6c     0x4  usb_endp.o [1]
  .bss               zero     0x20001a70     0x4  usb_init.o [1]
  .bss               zero     0x20001a74     0x4  usb_init.o [1]
  .bss               zero     0x20001a78     0x4  usb_init.o [1]
  .bss               zero     0x20001a7c     0x4  usb_pwr.o [1]
  .bss               zero     0x20001a80     0x2  usb_init.o [1]
  .bss               zero     0x20001a82     0x2  usb_int.o [1]
  .bss               zero     0x20001a84     0x2  usb_int.o [1]
  .bss               zero     0x20001a86     0x2  usb_istr.o [1]
  .bss               zero     0x20001a88     0x1  USART.o [1]
  .bss               zero     0x20001a89     0x1  usb_core.o [1]
  .bss               zero     0x20001a8a     0x1  usb_init.o [1]
  .bss               zero     0x20001a8b     0x1  usb_prop.o [1]
                            - 0x20001a8c  0x159c


*******************************************************************************
*** INIT TABLE
***

          Address     Size
          -------     ----
Zero (__iar_zero_init3)
    1 destination range, total size 0x159c:
          0x200004f0  0x159c

Copy/lz77 (__iar_lz77_init_single3)
    1 source range, total size 0x8e (59% of destination):
          0x08003524    0x8e
    1 destination range, total size 0xf0:
          0x20000000    0xf0



*******************************************************************************
*** MODULE SUMMARY
***

    Module                  ro code  ro data  rw data
    ------                  -------  -------  -------
C:\Home Project\Radiomonitoring\RadiomonitorMaster\STM32F103RB (ROM 128kB, RAM 20kB)\Obj: [1]
    USART.o                     256                 1
    cmsis_os.o                  122
    debug.o                     100
    heap_1.o                    128             5 128
    hw_config.o                 400                72
    list.o                      158
    main.o                      244       12       12
    misc.o                      136
    platform_config.o            86
    port.o                      236        2        4
    portasm.o                   144
    startup_stm32f10x_md.o      404
    stm32f10x_bkp.o              20
    stm32f10x_dma.o              76
    stm32f10x_exti.o            164
    stm32f10x_gpio.o            468
    stm32f10x_it.o               88
    stm32f10x_iwdg.o             16
    stm32f10x_pwr.o              12
    stm32f10x_rcc.o              80
    system_stm32f10x.o          344        2        4
    tasks.o                   1 776       11      260
    usb_core.o                3 254                 5
    usb_desc.o                           200       28
    usb_endp.o                   64                 4
    usb_init.o                   64                43
    usb_int.o                   592                 4
    usb_istr.o                   96       33       58
    usb_mem.o                   110
    usb_prop.o                  616       86      145
    usb_pwr.o                    72                 4
    usb_regs.o                  724
    usb_sil.o                    40
    -------------------------------------------------
    Total:                   11 090      346    5 772

command line: [2]
    -------------------------------------------------
    Total:

dl7M_tln.a: [3]
    exit.o                        4
    low_level_init.o              4
    -------------------------------------------------
    Total:                        8

m7M_tl.a: [4]
    DblAdd.o                    212
    DblDiv.o                    598
    DblMul.o                    418
    DblSub.o                    384
    DblToI32.o                   76
    FltToDbl.o                   78
    I32ToFlt.o                   30
    -------------------------------------------------
    Total:                    1 796

rt7M_tl.a: [5]
    ABImemset.o                 102
    cexit.o                      10
    cmain.o                      26
    cstartup_M.o                 12
    data_init.o                  40
    lz77_init_single.o          120
    strlen.o                     54
    zero_init3.o                 64
    -------------------------------------------------
    Total:                      428

shb_l.a: [6]
    exit.o                       20
    -------------------------------------------------
    Total:                       20

    Gaps                         26
    Linker created                        32    1 024
-----------------------------------------------------
    Grand Total:             13 368      378    6 796


*******************************************************************************
*** ENTRY LIST
***

Entry                      Address    Size  Type      Object
-----                      -------    ----  ----      ------
.iar.init_table$$Base   0x080033e0           --   Gb  - Linker created -
.iar.init_table$$Limit  0x08003400           --   Gb  - Linker created -
?main                   0x08003401          Code  Gb  cmain.o [5]
BKP_ClearFlag           0x080026ed     0xe  Code  Gb  stm32f10x_bkp.o [1]
BusFault_Handler        0x0800327f     0x2  Code  Gb  stm32f10x_it.o [1]
ByteSwap                0x0800105d    0x1c  Code  Gb  usb_regs.o [1]
CDC_Send_DATA           0x08001d85    0x34  Code  Gb  hw_config.o [1]
CSTACK$$Base            0x200000f0           --   Gb  - Linker created -
CSTACK$$Limit           0x200004f0           --   Gb  - Linker created -
CTR_LP                  0x08002bd9   0x22e  Code  Gb  usb_int.o [1]
ClearDTOG_RX            0x08000ed1    0x32  Code  Gb  usb_regs.o [1]
ClearDTOG_TX            0x08000f03    0x32  Code  Gb  usb_regs.o [1]
Clear_Status_Out        0x08000eab    0x26  Code  Gb  usb_regs.o [1]
Config_Descriptor       0x200000c8     0x8  Data  Gb  usb_prop.o [1]
CurrentTaskHandle       0x20001a24     0x4  Data  Gb  main.o [1]
DMA1_Channel3_IRQHandler
                        0x08002f81    0x58  Code  Gb  USART.o [1]
DMA1_Channel5_IRQHandler
                        0x08003031    0x3c  Code  Gb  USART.o [1]
DMA1_Channel6_IRQHandler
                        0x08002fd9    0x58  Code  Gb  USART.o [1]
DMA_ClearITPendingBit   0x080030ab    0x10  Code  Gb  stm32f10x_dma.o [1]
DMA_GetITStatus         0x08003081    0x2a  Code  Gb  stm32f10x_dma.o [1]
DataStageIn             0x0800067f    0xcc  Code  Lc  usb_core.o [1]
DataStageOut            0x080005bd    0xc2  Code  Lc  usb_core.o [1]
Data_Mul_MaxPacketSize  0x20001a89     0x1  Data  Gb  usb_core.o [1]
Data_Setup0             0x080008b1   0x2d6  Code  Lc  usb_core.o [1]
DebugMon_Handler        0x08003283     0x2  Code  Gb  stm32f10x_it.o [1]
Device_Descriptor       0x200000c0     0x8  Data  Gb  usb_prop.o [1]
Device_Info             0x20001994    0x1c  Data  Gb  usb_init.o [1]
Device_Property         0x2000006c    0x30  Data  Gb  usb_prop.o [1]
Device_Table            0x20000068     0x4  Data  Gb  usb_prop.o [1]
EP1_IN_Callback         0x080032dd     0x2  Code  Gb  usb_endp.o [1]
EP3_OUT_Callback        0x080032df    0x36  Code  Gb  usb_endp.o [1]
EPindex                 0x20001a8a     0x1  Data  Gb  usb_init.o [1]
EXTI_ClearITPendingBit  0x08002789     0x6  Code  Gb  stm32f10x_exti.o [1]
EXTI_Init               0x08002701    0x88  Code  Gb  stm32f10x_exti.o [1]
EXTI_InitStructure      0x20001a14     0x8  Data  Gb  hw_config.o [1]
GPIO_Init               0x0800250d   0x136  Code  Gb  stm32f10x_gpio.o [1]
GPIO_PinRemapConfig     0x0800264f    0x88  Code  Gb  stm32f10x_gpio.o [1]
GPIO_ResetBits          0x08002649     0x6  Code  Gb  stm32f10x_gpio.o [1]
GPIO_SetBits            0x08002643     0x6  Code  Gb  stm32f10x_gpio.o [1]
GetEPRxAddr             0x08000f9d    0x1c  Code  Gb  usb_regs.o [1]
GetEPRxCount            0x08001029    0x1e  Code  Gb  usb_regs.o [1]
GetEPTxAddr             0x08000f7f    0x1e  Code  Gb  usb_regs.o [1]
Get_SerialNum           0x08001cf1    0x30  Code  Gb  hw_config.o [1]
HardFault_Handler       0x08003257    0x18  Code  Gb  stm32f10x_it.o [1]
IWDG_ReloadCounter      0x080024ad     0xa  Code  Gb  stm32f10x_iwdg.o [1]
In0_Process             0x08000c17    0x68  Code  Gb  usb_core.o [1]
InitBKP                 0x08001c05    0x22  Code  Gb  platform_config.o [1]
InitGPIO                0x08001bd1    0x30  Code  Gb  platform_config.o [1]
IntToUnicode            0x08001d41    0x44  Code  Lc  hw_config.o [1]
MemManage_Handler       0x0800327d     0x2  Code  Gb  stm32f10x_it.o [1]
NMI_Handler             0x08003241    0x16  Code  Gb  stm32f10x_it.o [1]
NOP_Process             0x08000da1     0x2  Code  Gb  usb_core.o [1]
NVIC_EnableIRQ          0x08003145    0x14  Code  Lc  debug.o [1]
NVIC_Init               0x080027af    0x68  Code  Gb  misc.o [1]
NVIC_PriorityGroupConfig
                        0x080027a5     0xa  Code  Gb  misc.o [1]
NoData_Setup0           0x0800074b   0x166  Code  Lc  usb_core.o [1]
Out0_Process            0x08000c7f    0x4e  Code  Gb  usb_core.o [1]
PMAToUserBufferCopy     0x080010b9    0x2e  Code  Gb  usb_mem.o [1]
PWR_BackupAccessCmd     0x080026e1     0x8  Code  Gb  stm32f10x_pwr.o [1]
PendSV_Handler          0x08001965          Code  Gb  portasm.o [1]
Post0_Process           0x08000cd9    0x3c  Code  Gb  usb_core.o [1]
PowerOn                 0x08002b69    0x3a  Code  Gb  usb_pwr.o [1]
RCC_APB1PeriphClockCmd  0x080024e1    0x1e  Code  Gb  stm32f10x_rcc.o [1]
RCC_APB2PeriphClockCmd  0x080024c3    0x1e  Code  Gb  stm32f10x_rcc.o [1]
RCC_USBCLKConfig        0x080024bd     0x6  Code  Gb  stm32f10x_rcc.o [1]
Receive_Buffer          0x20001954    0x40  Data  Gb  hw_config.o [1]
Receive_length          0x20001a6c     0x4  Data  Gb  usb_endp.o [1]
Region$$Table$$Base     0x080033e0           --   Gb  - Linker created -
Region$$Table$$Limit    0x08003400           --   Gb  - Linker created -
Request                 0x20001a8b     0x1  Data  Gb  usb_prop.o [1]
SVC_Handler             0x080019b7          Code  Gb  portasm.o [1]
SaveRState              0x20001a82     0x2  Data  Gb  usb_int.o [1]
SaveTState              0x20001a84     0x2  Data  Gb  usb_int.o [1]
SetBTABLE               0x08000da5     0xe  Code  Gb  usb_regs.o [1]
SetDeviceAddress        0x08000d15    0x48  Code  Gb  usb_core.o [1]
SetEPRxAddr             0x08000f5b    0x24  Code  Gb  usb_regs.o [1]
SetEPRxCount            0x08000fd5    0x54  Code  Gb  usb_regs.o [1]
SetEPRxStatus           0x08000e0f    0x3c  Code  Gb  usb_regs.o [1]
SetEPRxValid            0x08000e7b    0x30  Code  Gb  usb_regs.o [1]
SetEPTxAddr             0x08000f35    0x26  Code  Gb  usb_regs.o [1]
SetEPTxCount            0x08000fb9    0x1c  Code  Gb  usb_regs.o [1]
SetEPTxStatus           0x08000dd3    0x3c  Code  Gb  usb_regs.o [1]
SetEPTxValid            0x08000e4b    0x30  Code  Gb  usb_regs.o [1]
SetEPType               0x08000db3    0x20  Code  Gb  usb_regs.o [1]
SetSysClock             0x08002e7d     0x8  Code  Lc  system_stm32f10x.o [1]
SetSysClockTo72         0x08002e85    0xe0  Code  Lc  system_stm32f10x.o [1]
Set_System              0x08001c29    0x56  Code  Gb  hw_config.o [1]
Set_USBClock            0x08001c7f    0x14  Code  Gb  hw_config.o [1]
Setup0_Process          0x08000b87    0x90  Code  Gb  usb_core.o [1]
Standard_ClearFeature   0x08000331   0x172  Code  Gb  usb_core.o [1]
Standard_GetConfiguration
                        0x080000ed    0x2c  Code  Gb  usb_core.o [1]
Standard_GetDescriptorData
                        0x08000591    0x2c  Code  Gb  usb_core.o [1]
Standard_GetInterface   0x08000167    0x2c  Code  Gb  usb_core.o [1]
Standard_GetStatus      0x08000217   0x11a  Code  Gb  usb_core.o [1]
Standard_SetConfiguration
                        0x08000119    0x4e  Code  Gb  usb_core.o [1]
Standard_SetDeviceFeature
                        0x0800056d    0x24  Code  Gb  usb_core.o [1]
Standard_SetEndPointFeature
                        0x080004a3    0xca  Code  Gb  usb_core.o [1]
Standard_SetInterface   0x08000193    0x84  Code  Gb  usb_core.o [1]
StatusInfo              0x20001a68     0x4  Data  Gb  usb_core.o [1]
String_Descriptor       0x200000d0    0x20  Data  Gb  usb_prop.o [1]
SysTick_Handler         0x08001871    0x1e  Code  Gb  port.o [1]
SystemCoreClock         0x20000004     0x4  Data  Gb  system_stm32f10x.o [1]
SystemInit              0x08002e29    0x54  Code  Gb  system_stm32f10x.o [1]
USBWakeUp_IRQHandler    0x0800328d     0xc  Code  Gb  stm32f10x_it.o [1]
USB_Cable_Config        0x08001ccf    0x22  Code  Gb  hw_config.o [1]
USB_Init                0x08001db9    0x40  Code  Gb  usb_init.o [1]
USB_Interrupts_Config   0x08001c93    0x3c  Code  Gb  hw_config.o [1]
USB_Istr                0x080031e1    0x60  Code  Gb  usb_istr.o [1]
USB_LP_CAN1_RX0_IRQHandler
                        0x08003285     0x8  Code  Gb  stm32f10x_it.o [1]
USB_SIL_Init            0x08002bb1    0x1a  Code  Gb  usb_sil.o [1]
UsageFault_Handler      0x08003281     0x2  Code  Gb  stm32f10x_it.o [1]
UserToPMABufferCopy     0x08001079    0x40  Code  Gb  usb_mem.o [1]
User_Standard_Requests  0x2000009c    0x24  Data  Gb  usb_prop.o [1]
Virtual_Com_Port_ConfigDescriptor
                        0x08003298    0x44  Data  Gb  usb_desc.o [1]
Virtual_Com_Port_Data_Setup
                        0x08002a25    0x64  Code  Gb  usb_prop.o [1]
Virtual_Com_Port_DeviceDescriptor
                        0x08003444    0x14  Data  Gb  usb_desc.o [1]
Virtual_Com_Port_GetConfigDescriptor
                        0x08002ac1    0x10  Code  Gb  usb_prop.o [1]
Virtual_Com_Port_GetDeviceDescriptor
                        0x08002ab1    0x10  Code  Gb  usb_prop.o [1]
Virtual_Com_Port_GetLineCoding
                        0x08002b11    0x18  Code  Gb  usb_prop.o [1]
Virtual_Com_Port_GetStringDescriptor
                        0x08002ad1    0x26  Code  Gb  usb_prop.o [1]
Virtual_Com_Port_Get_Interface_Setting
                        0x08002af7    0x1a  Code  Gb  usb_prop.o [1]
Virtual_Com_Port_NoData_Setup
                        0x08002a89    0x28  Code  Gb  usb_prop.o [1]
Virtual_Com_Port_Reset  0x0800291f    0xdc  Code  Gb  usb_prop.o [1]
Virtual_Com_Port_SetConfiguration
                        0x080029fb    0x10  Code  Gb  usb_prop.o [1]
Virtual_Com_Port_SetDeviceAddress
                        0x08002a0b     0x8  Code  Gb  usb_prop.o [1]
Virtual_Com_Port_SetLineCoding
                        0x08002b29    0x18  Code  Gb  usb_prop.o [1]
Virtual_Com_Port_Status_In
                        0x08002a13    0x10  Code  Gb  usb_prop.o [1]
Virtual_Com_Port_Status_Out
                        0x08002a23     0x2  Code  Gb  usb_prop.o [1]
Virtual_Com_Port_StringLangID
                        0x08003488     0x4  Data  Gb  usb_desc.o [1]
Virtual_Com_Port_StringProduct
                        0x0800335c    0x34  Data  Gb  usb_desc.o [1]
Virtual_Com_Port_StringSerial
                        0x2000000c    0x1c  Data  Gb  usb_desc.o [1]
Virtual_Com_Port_StringVendor
                        0x08003390    0x28  Data  Gb  usb_desc.o [1]
Virtual_Com_Port_init   0x08002901    0x1e  Code  Gb  usb_prop.o [1]
__aeabi_d2iz            0x08002461          Code  Gb  DblToI32.o [4]
__aeabi_ddiv            0x08002089          Code  Gb  DblDiv.o [4]
__aeabi_dmul            0x08001ee5          Code  Gb  DblMul.o [4]
__aeabi_dsub            0x080022e1          Code  Gb  DblSub.o [4]
__aeabi_f2d             0x08001e95          Code  Gb  FltToDbl.o [4]
__aeabi_memset          0x08001b69          Code  Gb  ABImemset.o [5]
__aeabi_ui2f            0x08001e75          Code  Gb  I32ToFlt.o [4]
__cmain                 0x08003401          Code  Gb  cmain.o [5]
__exit                  0x08003431    0x14  Code  Gb  exit.o [6]
__iar_Memset            0x08001b69          Code  Gb  ABImemset.o [5]
__iar_Memset_word       0x08001b71          Code  Gb  ABImemset.o [5]
__iar_d2uiz             0x0800248d          Code  Gb  DblToI32.o [4]
__iar_dadd              0x0800282d          Code  Gb  DblAdd.o [4]
__iar_data_init3        0x080033b9    0x28  Code  Gb  data_init.o [5]
__iar_dsub              0x080022f5          Code  Gb  DblSub.o [4]
__iar_dsubStart         0x08002307          Code  Gb  DblSub.o [4]
__iar_lz77_init_single3
                        0x080030cd    0x78  Code  Gb  lz77_init_single.o [5]
__iar_program_start     0x08003475          Code  Gb  cstartup_M.o [5]
__iar_ui2f              0x08001e79          Code  Gb  I32ToFlt.o [4]
__iar_zero_init3        0x0800331d    0x40  Code  Gb  zero_init3.o [5]
__low_level_init        0x0800341b     0x4  Code  Gb  low_level_init.o [3]
__vector_table          0x08000000          Data  Gb  startup_stm32f10x_md.o [1]
_call_main              0x0800340d          Code  Gb  cmain.o [5]
_exit                   0x08003425          Code  Gb  cexit.o [5]
_main                   0x08003417          Code  Gb  cmain.o [5]
bDeviceState            0x20001a7c     0x4  Data  Gb  usb_pwr.o [1]
bGPS_Buffer_Data_Full_Half
                        0x20001a88     0x1  Data  Gb  USART.o [1]
exit                    0x0800341f     0x4  Code  Gb  exit.o [3]
linecoding              0x20000060     0x8  Data  Gb  usb_prop.o [1]
main                    0x080019f5    0x48  Code  Gb  main.o [1]
makeFreeRtosPriority    0x08001df9    0x12  Code  Lc  cmsis_os.o [1]
osDelay                 0x08001e57    0x1c  Code  Gb  cmsis_os.o [1]
osKernelStart           0x08001e0b    0x1a  Code  Gb  cmsis_os.o [1]
osThreadCreate          0x08001e25    0x32  Code  Gb  cmsis_os.o [1]
pEpInt_IN               0x20000028    0x1c  Data  Gb  usb_istr.o [1]
pEpInt_OUT              0x20000044    0x1c  Data  Gb  usb_istr.o [1]
pInformation            0x20001a70     0x4  Data  Gb  usb_init.o [1]
pNameCurrentTask        0x20001a28     0x4  Data  Gb  main.o [1]
pProperty               0x20001a74     0x4  Data  Gb  usb_init.o [1]
pUser_Standard_Requests
                        0x20001a78     0x4  Data  Gb  usb_init.o [1]
pcTaskGetTaskName       0x0800139b    0x14  Code  Gb  tasks.o [1]
prvAddCurrentTaskToDelayedList
                        0x08001675    0x3e  Code  Lc  tasks.o [1]
prvAllocateTCBAndStack  0x080016c9    0x54  Code  Lc  tasks.o [1]
prvCheckTasksWaitingTermination
                        0x0800161d    0x58  Code  Lc  tasks.o [1]
prvDeleteTCB            0x08001759    0x12  Code  Lc  tasks.o [1]
prvIdleTask             0x0800153d    0x1c  Code  Lc  tasks.o [1]
prvInitialiseTCBVariables
                        0x08001559    0x5e  Code  Lc  tasks.o [1]
prvInitialiseTaskLists  0x080015b7    0x56  Code  Lc  tasks.o [1]
prvResetNextTaskUnblockTime
                        0x0800176b    0x26  Code  Lc  tasks.o [1]
prvTaskCheckFreeStackSpace
                        0x0800171d    0x16  Code  Lc  tasks.o [1]
prvTaskExitError        0x080017f5     0x8  Code  Lc  port.o [1]
pvPortMalloc            0x08001ae9    0x66  Code  Gb  heap_1.o [1]
pvPortMalloc::pucAlignedHeap
                        0x20001a20     0x4  Data  Lc  heap_1.o [1]
pxCurrentTCB            0x20001a30     0x4  Data  Gb  tasks.o [1]
pxDelayedTaskList       0x20001a34     0x4  Data  Lc  tasks.o [1]
pxOverflowDelayedTaskList
                        0x20001a38     0x4  Data  Lc  tasks.o [1]
pxPortInitialiseStack   0x080017d9    0x1c  Code  Gb  port.o [1]
pxReadyTasksLists       0x200018f0    0x64  Data  Lc  tasks.o [1]
strlen                  0x080031a9          Code  Gb  strlen.o [5]
ucHeap                  0x200004f0  0x1400  Data  Lc  heap_1.o [1]
ulPortSetInterruptMask  0x080019a3          Code  Gb  portasm.o [1]
uxCriticalNesting       0x20000000     0x4  Data  Lc  port.o [1]
uxCurrentNumberOfTasks  0x20001a44     0x4  Data  Lc  tasks.o [1]
uxListRemove            0x0800193b    0x28  Code  Gb  list.o [1]
uxPendedTicks           0x20001a54     0x4  Data  Lc  tasks.o [1]
uxSchedulerSuspended    0x20001a64     0x4  Data  Lc  tasks.o [1]
uxTaskGetStackHighWaterMark
                        0x08001733    0x20  Code  Gb  tasks.o [1]
uxTaskNumber            0x20001a60     0x4  Data  Lc  tasks.o [1]
uxTasksDeleted          0x20001a3c     0x4  Data  Lc  tasks.o [1]
uxTopReadyPriority      0x20001a4c     0x4  Data  Lc  tasks.o [1]
vApplicationIdleHook    0x08001a3d    0x9a  Code  Gb  main.o [1]
vDebugTask              0x08003159    0x46  Code  Gb  debug.o [1]
vListInitialise         0x080018c5    0x1e  Code  Gb  list.o [1]
vListInitialiseItem     0x080018e3     0x6  Code  Gb  list.o [1]
vListInsert             0x08001901    0x3a  Code  Gb  list.o [1]
vListInsertEnd          0x080018e9    0x18  Code  Gb  list.o [1]
vPortClearInterruptMask
                        0x080019b1          Code  Gb  portasm.o [1]
vPortEnterCritical      0x0800183b    0x1a  Code  Gb  port.o [1]
vPortExitCritical       0x08001855    0x1c  Code  Gb  port.o [1]
vPortFree               0x08001b4f     0x2  Code  Gb  heap_1.o [1]
vPortSetupTimerInterrupt
                        0x0800188f    0x1a  Code  Wk  port.o [1]
vPortStartFirstTask     0x080019d7          Code  Gb  portasm.o [1]
vPortYield              0x08001829    0x12  Code  Gb  port.o [1]
vTaskDelay              0x0800121f    0x3a  Code  Gb  tasks.o [1]
vTaskStartScheduler     0x08001259    0x44  Code  Gb  tasks.o [1]
vTaskSuspendAll         0x0800129d    0x10  Code  Gb  tasks.o [1]
vTaskSwitchContext      0x080014cf    0x6c  Code  Gb  tasks.o [1]
wInterrupt_Mask         0x20001a80     0x2  Data  Gb  usb_init.o [1]
wIstr                   0x20001a86     0x2  Data  Gb  usb_istr.o [1]
xDelayedTaskList1       0x200019b0    0x14  Data  Lc  tasks.o [1]
xDelayedTaskList2       0x200019c4    0x14  Data  Lc  tasks.o [1]
xHandleDebugTask        0x20001a2c     0x4  Data  Gb  main.o [1]
xIdleTaskHandle         0x20001a40     0x4  Data  Lc  tasks.o [1]
xNextFreeByte           0x20001a1c     0x4  Data  Lc  heap_1.o [1]
xNextTaskUnblockTime    0x20000008     0x4  Data  Lc  tasks.o [1]
xNumOfOverflows         0x20001a5c     0x4  Data  Lc  tasks.o [1]
xPendingReadyList       0x200019d8    0x14  Data  Lc  tasks.o [1]
xPortGetFreeHeapSize    0x08001b51     0xc  Code  Gb  heap_1.o [1]
xPortStartScheduler     0x080017fd    0x2c  Code  Gb  port.o [1]
xSchedulerRunning       0x20001a50     0x4  Data  Lc  tasks.o [1]
xSuspendedTaskList      0x20001a00    0x14  Data  Lc  tasks.o [1]
xTaskGenericCreate      0x080010e9   0x136  Code  Gb  tasks.o [1]
xTaskGetCurrentTaskHandle
                        0x08001791     0x8  Code  Gb  tasks.o [1]
xTaskGetTickCount       0x08001385    0x16  Code  Gb  tasks.o [1]
xTaskIncrementTick      0x080013af   0x120  Code  Gb  tasks.o [1]
xTaskResumeAll          0x080012ad    0xd8  Code  Gb  tasks.o [1]
xTasksWaitingTermination
                        0x200019ec    0x14  Data  Lc  tasks.o [1]
xTickCount              0x20001a48     0x4  Data  Lc  tasks.o [1]
xYieldPending           0x20001a58     0x4  Data  Lc  tasks.o [1]


[1] = C:\Home Project\Radiomonitoring\RadiomonitorMaster\STM32F103RB (ROM 128kB, RAM 20kB)\Obj
[2] = command line
[3] = dl7M_tln.a
[4] = m7M_tl.a
[5] = rt7M_tl.a
[6] = shb_l.a

  13 368 bytes of readonly  code memory
     378 bytes of readonly  data memory
   6 796 bytes of readwrite data memory

Errors: none
Warnings: none
